Archive member included to satisfy reference by file (symbol)

C:/devkitPro/libnds/lib\libnds9.a(sprite_alloc.o)
                              main.o (oamAllocateGfx)
C:/devkitPro/libnds/lib\libnds9.a(sprite.o)
                              main.o (oamInit)
C:/devkitPro/libnds/lib\libnds9.a(initSystem.o)
                              c:/devkitpro/devkitarm/bin/../lib/gcc/arm-none-eabi/12.2.0/../../../../arm-none-eabi/lib/ds_arm9_crt0.o (initSystem)
C:/devkitPro/libnds/lib\libnds9.a(securearea.o)
                              c:/devkitpro/devkitarm/bin/../lib/gcc/arm-none-eabi/12.2.0/../../../../arm-none-eabi/lib/ds_arm9_crt0.o (__secure_area__)
C:/devkitPro/libnds/lib\libnds9.a(interrupts.o)
                              C:/devkitPro/libnds/lib\libnds9.a(initSystem.o) (irqInit)
C:/devkitPro/libnds/lib\libnds9.a(libnds_exit.arm.o)
                              c:/devkitpro/devkitarm/bin/../lib/gcc/arm-none-eabi/12.2.0/../../../../arm-none-eabi/lib/ds_arm9_crt0.o (__libnds_exit)
C:/devkitPro/libnds/lib\libnds9.a(fifosystem.o)
                              C:/devkitPro/libnds/lib\libnds9.a(initSystem.o) (fifoSetValue32Handler)
C:/devkitPro/libnds/lib\libnds9.a(dcache.o)
                              C:/devkitPro/libnds/lib\libnds9.a(sprite.o) (DC_FlushRange)
C:/devkitPro/libnds/lib\libnds9.a(mpu_setup.o)
                              c:/devkitpro/devkitarm/bin/../lib/gcc/arm-none-eabi/12.2.0/../../../../arm-none-eabi/lib/ds_arm9_crt0.o (__libnds_mpu_setup)
C:/devkitPro/libnds/lib\libnds9.a(IntrWait.o)
                              C:/devkitPro/libnds/lib\libnds9.a(sprite.o) (swiWaitForVBlank)
C:/devkitPro/libnds/lib\libnds9.a(cpu_clock.o)
                              C:/devkitPro/libnds/lib\libnds9.a(initSystem.o) (setCpuClock)
C:/devkitPro/libnds/lib\libnds9.a(interruptDispatcher.o)
                              C:/devkitPro/libnds/lib\libnds9.a(interrupts.o) (IntrMain)
C:/devkitPro/libnds/lib\libnds9.a(swiSoftReset.o)
                              C:/devkitPro/libnds/lib\libnds9.a(fifosystem.o) (swiSoftReset)
C:/devkitPro/libnds/lib\libnds9.a(trig.o)
                              C:/devkitPro/libnds/lib\libnds9.a(sprite.o) (sinLerp)
C:/devkitPro/libnds/lib\libnds9.a(video.o)
                              C:/devkitPro/libnds/lib\libnds9.a(initSystem.o) (vramDefault)
C:/devkitPro/libnds/lib\libnds9.a(system.o)
                              C:/devkitPro/libnds/lib\libnds9.a(initSystem.o) (systemValueHandler)
C:/devkitPro/libnds/lib\libnds9.a(biosCalls.o)
                              C:/devkitPro/libnds/lib\libnds9.a(system.o) (swiDelay)
c:/devkitpro/devkitarm/bin/../lib/gcc/arm-none-eabi/12.2.0/../../../../arm-none-eabi/lib\libg.a(lib_a-bsearch.o)
                              C:/devkitPro/libnds/lib\libnds9.a(trig.o) (bsearch)
c:/devkitpro/devkitarm/bin/../lib/gcc/arm-none-eabi/12.2.0/../../../../arm-none-eabi/lib\libg.a(lib_a-init.o)
                              c:/devkitpro/devkitarm/bin/../lib/gcc/arm-none-eabi/12.2.0/../../../../arm-none-eabi/lib/ds_arm9_crt0.o (__libc_init_array)
c:/devkitpro/devkitarm/bin/../lib/gcc/arm-none-eabi/12.2.0/../../../../arm-none-eabi/lib\libg.a(lib_a-malloc.o)
                              C:/devkitPro/libnds/lib\libnds9.a(sprite_alloc.o) (malloc)
c:/devkitpro/devkitarm/bin/../lib/gcc/arm-none-eabi/12.2.0/../../../../arm-none-eabi/lib\libg.a(lib_a-mallocr.o)
                              c:/devkitpro/devkitarm/bin/../lib/gcc/arm-none-eabi/12.2.0/../../../../arm-none-eabi/lib\libg.a(lib_a-malloc.o) (_malloc_r)
c:/devkitpro/devkitarm/bin/../lib/gcc/arm-none-eabi/12.2.0/../../../../arm-none-eabi/lib\libg.a(lib_a-memcpy-stub.o)
                              C:/devkitPro/libnds/lib\libnds9.a(fifosystem.o) (memcpy)
c:/devkitpro/devkitarm/bin/../lib/gcc/arm-none-eabi/12.2.0/../../../../arm-none-eabi/lib\libg.a(lib_a-mlock.o)
                              c:/devkitpro/devkitarm/bin/../lib/gcc/arm-none-eabi/12.2.0/../../../../arm-none-eabi/lib\libg.a(lib_a-mallocr.o) (__malloc_lock)
c:/devkitpro/devkitarm/bin/../lib/gcc/arm-none-eabi/12.2.0/../../../../arm-none-eabi/lib\libg.a(lib_a-realloc.o)
                              C:/devkitPro/libnds/lib\libnds9.a(sprite_alloc.o) (realloc)
c:/devkitpro/devkitarm/bin/../lib/gcc/arm-none-eabi/12.2.0/../../../../arm-none-eabi/lib\libg.a(lib_a-reallocr.o)
                              c:/devkitpro/devkitarm/bin/../lib/gcc/arm-none-eabi/12.2.0/../../../../arm-none-eabi/lib\libg.a(lib_a-realloc.o) (_realloc_r)
c:/devkitpro/devkitarm/bin/../lib/gcc/arm-none-eabi/12.2.0/../../../../arm-none-eabi/lib\libg.a(lib_a-freer.o)
                              c:/devkitpro/devkitarm/bin/../lib/gcc/arm-none-eabi/12.2.0/../../../../arm-none-eabi/lib\libg.a(lib_a-malloc.o) (_free_r)
c:/devkitpro/devkitarm/bin/../lib/gcc/arm-none-eabi/12.2.0/../../../../arm-none-eabi/lib\libg.a(lib_a-memmove.o)
                              c:/devkitpro/devkitarm/bin/../lib/gcc/arm-none-eabi/12.2.0/../../../../arm-none-eabi/lib\libg.a(lib_a-reallocr.o) (memmove)
c:/devkitpro/devkitarm/bin/../lib/gcc/arm-none-eabi/12.2.0/../../../../arm-none-eabi/lib\libsysbase.a(sbrk.o)
                              c:/devkitpro/devkitarm/bin/../lib/gcc/arm-none-eabi/12.2.0/../../../../arm-none-eabi/lib\libg.a(lib_a-mallocr.o) (_sbrk_r)
c:/devkitpro/devkitarm/bin/../lib/gcc/arm-none-eabi/12.2.0/../../../../arm-none-eabi/lib\libsysbase.a(malloc_vars.o)
                              c:/devkitpro/devkitarm/bin/../lib/gcc/arm-none-eabi/12.2.0/../../../../arm-none-eabi/lib/ds_arm9_crt0.o (fake_heap_start)
c:/devkitpro/devkitarm/bin/../lib/gcc/arm-none-eabi/12.2.0/../../../../arm-none-eabi/lib\libsysbase.a(build_argv.o)
                              c:/devkitpro/devkitarm/bin/../lib/gcc/arm-none-eabi/12.2.0/../../../../arm-none-eabi/lib/ds_arm9_crt0.o (build_argv)
c:/devkitpro/devkitarm/bin/../lib/gcc/arm-none-eabi/12.2.0/../../../../arm-none-eabi/lib\libsysbase.a(getreent.o)
                              c:/devkitpro/devkitarm/bin/../lib/gcc/arm-none-eabi/12.2.0/../../../../arm-none-eabi/lib\libg.a(lib_a-malloc.o) (__getreent)
c:/devkitpro/devkitarm/bin/../lib/gcc/arm-none-eabi/12.2.0/../../../../arm-none-eabi/lib\libsysbase.a(syscall_support.o)
                              c:/devkitpro/devkitarm/bin/../lib/gcc/arm-none-eabi/12.2.0/../../../../arm-none-eabi/lib\libg.a(lib_a-mlock.o) (__libc_lock_acquire_recursive)
c:/devkitpro/devkitarm/bin/../lib/gcc/arm-none-eabi/12.2.0/../../../../arm-none-eabi/lib\libg.a(lib_a-impure.o)
                              c:/devkitpro/devkitarm/bin/../lib/gcc/arm-none-eabi/12.2.0/../../../../arm-none-eabi/lib\libsysbase.a(getreent.o) (_impure_ptr)

Discarded input sections

 .text          0x0000000000000000        0x0 c:/devkitpro/devkitarm/bin/../lib/gcc/arm-none-eabi/12.2.0/../../../../arm-none-eabi/lib/ds_arm9_crt0.o
 .data          0x0000000000000000        0x0 c:/devkitpro/devkitarm/bin/../lib/gcc/arm-none-eabi/12.2.0/../../../../arm-none-eabi/lib/ds_arm9_crt0.o
 .bss           0x0000000000000000        0x0 c:/devkitpro/devkitarm/bin/../lib/gcc/arm-none-eabi/12.2.0/../../../../arm-none-eabi/lib/ds_arm9_crt0.o
 .text          0x0000000000000000        0x0 c:/devkitpro/devkitarm/bin/../lib/gcc/arm-none-eabi/12.2.0/crti.o
 .data          0x0000000000000000        0x0 c:/devkitpro/devkitarm/bin/../lib/gcc/arm-none-eabi/12.2.0/crti.o
 .bss           0x0000000000000000        0x0 c:/devkitpro/devkitarm/bin/../lib/gcc/arm-none-eabi/12.2.0/crti.o
 .text          0x0000000000000000        0x0 c:/devkitpro/devkitarm/bin/../lib/gcc/arm-none-eabi/12.2.0/crtbegin.o
 .data          0x0000000000000000        0x0 c:/devkitpro/devkitarm/bin/../lib/gcc/arm-none-eabi/12.2.0/crtbegin.o
 .bss           0x0000000000000000        0x0 c:/devkitpro/devkitarm/bin/../lib/gcc/arm-none-eabi/12.2.0/crtbegin.o
 .rodata.all_implied_fbits
                0x0000000000000000       0x24 c:/devkitpro/devkitarm/bin/../lib/gcc/arm-none-eabi/12.2.0/crtbegin.o
 .data.__dso_handle
                0x0000000000000000        0x4 c:/devkitpro/devkitarm/bin/../lib/gcc/arm-none-eabi/12.2.0/crtbegin.o
 .text          0x0000000000000000        0x0 ball.o
 .data          0x0000000000000000        0x0 ball.o
 .bss           0x0000000000000000        0x0 ball.o
 .rodata        0x0000000000000000      0x600 ball.o
 .ARM.attributes
                0x0000000000000000       0x1b ball.o
 .text          0x0000000000000000        0x0 Player.o
 .data          0x0000000000000000        0x0 Player.o
 .bss           0x0000000000000000        0x0 Player.o
 .text          0x0000000000000000        0x0 PlayerHat.o
 .data          0x0000000000000000        0x0 PlayerHat.o
 .bss           0x0000000000000000        0x0 PlayerHat.o
 .text          0x0000000000000000        0x0 soundbank.bin.o
 .data          0x0000000000000000        0x0 soundbank.bin.o
 .bss           0x0000000000000000        0x0 soundbank.bin.o
 .ARM.attributes
                0x0000000000000000       0x14 soundbank.bin.o
 .text          0x0000000000000000       0xe8 main.o
 .data          0x0000000000000000        0x8 main.o
 .text          0x0000000000000000        0x0 C:/devkitPro/libnds/lib\libnds9.a(sprite_alloc.o)
 .data          0x0000000000000000        0x0 C:/devkitPro/libnds/lib\libnds9.a(sprite_alloc.o)
 .bss           0x0000000000000000        0x0 C:/devkitPro/libnds/lib\libnds9.a(sprite_alloc.o)
 .text.oamFreeGfx
                0x0000000000000000      0x438 C:/devkitPro/libnds/lib\libnds9.a(sprite_alloc.o)
 .text.oamCountFragments
                0x0000000000000000       0x7c C:/devkitPro/libnds/lib\libnds9.a(sprite_alloc.o)
 .text          0x0000000000000000        0x0 C:/devkitPro/libnds/lib\libnds9.a(sprite.o)
 .data          0x0000000000000000        0x0 C:/devkitPro/libnds/lib\libnds9.a(sprite.o)
 .bss           0x0000000000000000        0x0 C:/devkitPro/libnds/lib\libnds9.a(sprite.o)
 .text.oamDisable
                0x0000000000000000       0x2c C:/devkitPro/libnds/lib\libnds9.a(sprite.o)
 .text.oamEnable
                0x0000000000000000       0x24 C:/devkitPro/libnds/lib\libnds9.a(sprite.o)
 .text.oamClear
                0x0000000000000000       0x24 C:/devkitPro/libnds/lib\libnds9.a(sprite.o)
 .text.oamRotateScale
                0x0000000000000000       0x4c C:/devkitPro/libnds/lib\libnds9.a(sprite.o)
 .text          0x0000000000000000        0x0 C:/devkitPro/libnds/lib\libnds9.a(initSystem.o)
 .data          0x0000000000000000        0x0 C:/devkitPro/libnds/lib\libnds9.a(initSystem.o)
 .bss           0x0000000000000000        0x0 C:/devkitPro/libnds/lib\libnds9.a(initSystem.o)
 .text.__syscall_gettod_r
                0x0000000000000000       0x28 C:/devkitPro/libnds/lib\libnds9.a(initSystem.o)
 .text.__syscall_exit
                0x0000000000000000        0x8 C:/devkitPro/libnds/lib\libnds9.a(initSystem.o)
 .text          0x0000000000000000        0x0 C:/devkitPro/libnds/lib\libnds9.a(securearea.o)
 .data          0x0000000000000000        0x0 C:/devkitPro/libnds/lib\libnds9.a(securearea.o)
 .bss           0x0000000000000000        0x0 C:/devkitPro/libnds/lib\libnds9.a(securearea.o)
 .text          0x0000000000000000        0x0 C:/devkitPro/libnds/lib\libnds9.a(interrupts.o)
 .data          0x0000000000000000        0x0 C:/devkitPro/libnds/lib\libnds9.a(interrupts.o)
 .bss           0x0000000000000000        0x0 C:/devkitPro/libnds/lib\libnds9.a(interrupts.o)
 .text.irqInitHandler
                0x0000000000000000       0x28 C:/devkitPro/libnds/lib\libnds9.a(interrupts.o)
 .text.irqDisable
                0x0000000000000000       0x64 C:/devkitPro/libnds/lib\libnds9.a(interrupts.o)
 .text.irqClear
                0x0000000000000000       0x38 C:/devkitPro/libnds/lib\libnds9.a(interrupts.o)
 .text          0x0000000000000000        0x0 C:/devkitPro/libnds/lib\libnds9.a(libnds_exit.arm.o)
 .data          0x0000000000000000        0x0 C:/devkitPro/libnds/lib\libnds9.a(libnds_exit.arm.o)
 .bss           0x0000000000000000        0x0 C:/devkitPro/libnds/lib\libnds9.a(libnds_exit.arm.o)
 .text          0x0000000000000000        0x0 C:/devkitPro/libnds/lib\libnds9.a(fifosystem.o)
 .data          0x0000000000000000        0x0 C:/devkitPro/libnds/lib\libnds9.a(fifosystem.o)
 .bss           0x0000000000000000        0x0 C:/devkitPro/libnds/lib\libnds9.a(fifosystem.o)
 .text.fifoSendAddress
                0x0000000000000000       0x38 C:/devkitPro/libnds/lib\libnds9.a(fifosystem.o)
 .text.fifoSendDatamsg
                0x0000000000000000       0x90 C:/devkitPro/libnds/lib\libnds9.a(fifosystem.o)
 .text.fifoGetAddress
                0x0000000000000000       0x7c C:/devkitPro/libnds/lib\libnds9.a(fifosystem.o)
 .text.fifoSetAddressHandler
                0x0000000000000000       0x78 C:/devkitPro/libnds/lib\libnds9.a(fifosystem.o)
 .text.fifoGetValue32
                0x0000000000000000       0x70 C:/devkitPro/libnds/lib\libnds9.a(fifosystem.o)
 .text.fifoCheckAddress
                0x0000000000000000       0x24 C:/devkitPro/libnds/lib\libnds9.a(fifosystem.o)
 .text.fifoCheckDatamsg
                0x0000000000000000       0x24 C:/devkitPro/libnds/lib\libnds9.a(fifosystem.o)
 .text.fifoCheckDatamsgLength
                0x0000000000000000       0x30 C:/devkitPro/libnds/lib\libnds9.a(fifosystem.o)
 .text.fifoCheckValue32
                0x0000000000000000       0x24 C:/devkitPro/libnds/lib\libnds9.a(fifosystem.o)
 .text          0x0000000000000000        0x0 C:/devkitPro/libnds/lib\libnds9.a(dcache.o)
 .data          0x0000000000000000        0x0 C:/devkitPro/libnds/lib\libnds9.a(dcache.o)
 .bss           0x0000000000000000        0x0 C:/devkitPro/libnds/lib\libnds9.a(dcache.o)
 .text.DC_FlushAll
                0x0000000000000000       0x2c C:/devkitPro/libnds/lib\libnds9.a(dcache.o)
 .text.DC_InvalidateAll
                0x0000000000000000        0xc C:/devkitPro/libnds/lib\libnds9.a(dcache.o)
 .text.DC_InvalidateRange
                0x0000000000000000       0x2c C:/devkitPro/libnds/lib\libnds9.a(dcache.o)
 .text          0x0000000000000000        0x0 C:/devkitPro/libnds/lib\libnds9.a(mpu_setup.o)
 .bss           0x0000000000000000        0x0 C:/devkitPro/libnds/lib\libnds9.a(mpu_setup.o)
 .text.memCached
                0x0000000000000000       0x20 C:/devkitPro/libnds/lib\libnds9.a(mpu_setup.o)
 .text          0x0000000000000000        0x0 C:/devkitPro/libnds/lib\libnds9.a(IntrWait.o)
 .data          0x0000000000000000        0x0 C:/devkitPro/libnds/lib\libnds9.a(IntrWait.o)
 .bss           0x0000000000000000        0x0 C:/devkitPro/libnds/lib\libnds9.a(IntrWait.o)
 .text          0x0000000000000000        0x0 C:/devkitPro/libnds/lib\libnds9.a(cpu_clock.o)
 .data          0x0000000000000000        0x0 C:/devkitPro/libnds/lib\libnds9.a(cpu_clock.o)
 .bss           0x0000000000000000        0x0 C:/devkitPro/libnds/lib\libnds9.a(cpu_clock.o)
 .itcm          0x0000000000000000        0x0 C:/devkitPro/libnds/lib\libnds9.a(cpu_clock.o)
 .text          0x0000000000000000        0x0 C:/devkitPro/libnds/lib\libnds9.a(interruptDispatcher.o)
 .data          0x0000000000000000        0x0 C:/devkitPro/libnds/lib\libnds9.a(interruptDispatcher.o)
 .bss           0x0000000000000000        0x0 C:/devkitPro/libnds/lib\libnds9.a(interruptDispatcher.o)
 .text          0x0000000000000000        0x0 C:/devkitPro/libnds/lib\libnds9.a(swiSoftReset.o)
 .data          0x0000000000000000        0x0 C:/devkitPro/libnds/lib\libnds9.a(swiSoftReset.o)
 .bss           0x0000000000000000        0x0 C:/devkitPro/libnds/lib\libnds9.a(swiSoftReset.o)
 .text          0x0000000000000000        0x0 C:/devkitPro/libnds/lib\libnds9.a(trig.o)
 .data          0x0000000000000000        0x0 C:/devkitPro/libnds/lib\libnds9.a(trig.o)
 .bss           0x0000000000000000        0x0 C:/devkitPro/libnds/lib\libnds9.a(trig.o)
 .text.asinComp
                0x0000000000000000       0x24 C:/devkitPro/libnds/lib\libnds9.a(trig.o)
 .text.sinLutLookup
                0x0000000000000000       0x4c C:/devkitPro/libnds/lib\libnds9.a(trig.o)
 .text.sinLerp  0x0000000000000000       0x40 C:/devkitPro/libnds/lib\libnds9.a(trig.o)
 .text.cosLerp  0x0000000000000000       0x4c C:/devkitPro/libnds/lib\libnds9.a(trig.o)
 .text.tanLutLookup
                0x0000000000000000       0x30 C:/devkitPro/libnds/lib\libnds9.a(trig.o)
 .text.tanLerp  0x0000000000000000       0xb0 C:/devkitPro/libnds/lib\libnds9.a(trig.o)
 .text.asinLerp
                0x0000000000000000       0x98 C:/devkitPro/libnds/lib\libnds9.a(trig.o)
 .text.acosLerp
                0x0000000000000000       0xa4 C:/devkitPro/libnds/lib\libnds9.a(trig.o)
 .text.atanComp
                0x0000000000000000       0x24 C:/devkitPro/libnds/lib\libnds9.a(trig.o)
 .rodata.SIN_LUT
                0x0000000000000000      0x102 C:/devkitPro/libnds/lib\libnds9.a(trig.o)
 .rodata.TAN_LUT
                0x0000000000000000      0x204 C:/devkitPro/libnds/lib\libnds9.a(trig.o)
 .debug_info    0x0000000000000000      0x793 C:/devkitPro/libnds/lib\libnds9.a(trig.o)
 .debug_abbrev  0x0000000000000000      0x26e C:/devkitPro/libnds/lib\libnds9.a(trig.o)
 .debug_loclists
                0x0000000000000000      0x779 C:/devkitPro/libnds/lib\libnds9.a(trig.o)
 .debug_aranges
                0x0000000000000000       0x60 C:/devkitPro/libnds/lib\libnds9.a(trig.o)
 .debug_rnglists
                0x0000000000000000       0x9d C:/devkitPro/libnds/lib\libnds9.a(trig.o)
 .debug_line    0x0000000000000000      0x837 C:/devkitPro/libnds/lib\libnds9.a(trig.o)
 .debug_str     0x0000000000000000      0x2fc C:/devkitPro/libnds/lib\libnds9.a(trig.o)
 .comment       0x0000000000000000       0x24 C:/devkitPro/libnds/lib\libnds9.a(trig.o)
 .debug_frame   0x0000000000000000       0xd8 C:/devkitPro/libnds/lib\libnds9.a(trig.o)
 .ARM.attributes
                0x0000000000000000       0x2b C:/devkitPro/libnds/lib\libnds9.a(trig.o)
 .text          0x0000000000000000        0x0 C:/devkitPro/libnds/lib\libnds9.a(video.o)
 .data          0x0000000000000000        0x0 C:/devkitPro/libnds/lib\libnds9.a(video.o)
 .bss           0x0000000000000000        0x0 C:/devkitPro/libnds/lib\libnds9.a(video.o)
 .text.vramSetPrimaryBanks
                0x0000000000000000       0x44 C:/devkitPro/libnds/lib\libnds9.a(video.o)
 .text.vramSetMainBanks
                0x0000000000000000       0x44 C:/devkitPro/libnds/lib\libnds9.a(video.o)
 .text.vramSetBanks_EFG
                0x0000000000000000       0x38 C:/devkitPro/libnds/lib\libnds9.a(video.o)
 .text.vramRestorePrimaryBanks
                0x0000000000000000        0xc C:/devkitPro/libnds/lib\libnds9.a(video.o)
 .text.vramRestoreMainBanks
                0x0000000000000000        0xc C:/devkitPro/libnds/lib\libnds9.a(video.o)
 .text.vramRestoreBanks_EFG
                0x0000000000000000        0xc C:/devkitPro/libnds/lib\libnds9.a(video.o)
 .text.setBrightness
                0x0000000000000000       0x40 C:/devkitPro/libnds/lib\libnds9.a(video.o)
 .text          0x0000000000000000        0x0 C:/devkitPro/libnds/lib\libnds9.a(system.o)
 .data          0x0000000000000000        0x0 C:/devkitPro/libnds/lib\libnds9.a(system.o)
 .bss           0x0000000000000000        0x0 C:/devkitPro/libnds/lib\libnds9.a(system.o)
 .text.setSDcallback
                0x0000000000000000        0xc C:/devkitPro/libnds/lib\libnds9.a(system.o)
 .text.systemSleep
                0x0000000000000000       0x18 C:/devkitPro/libnds/lib\libnds9.a(system.o)
 .text.powerOff
                0x0000000000000000       0x28 C:/devkitPro/libnds/lib\libnds9.a(system.o)
 .text.ledBlink
                0x0000000000000000       0x10 C:/devkitPro/libnds/lib\libnds9.a(system.o)
 .text.getBatteryLevel
                0x0000000000000000       0x20 C:/devkitPro/libnds/lib\libnds9.a(system.o)
 .text.enableSlot1
                0x0000000000000000       0x1c C:/devkitPro/libnds/lib\libnds9.a(system.o)
 .text.disableSlot1
                0x0000000000000000       0x1c C:/devkitPro/libnds/lib\libnds9.a(system.o)
 .text          0x0000000000000000        0x0 C:/devkitPro/libnds/lib\libnds9.a(biosCalls.o)
 .data          0x0000000000000000        0x0 C:/devkitPro/libnds/lib\libnds9.a(biosCalls.o)
 .bss           0x0000000000000000        0x0 C:/devkitPro/libnds/lib\libnds9.a(biosCalls.o)
 .text.swiSleep
                0x0000000000000000        0x4 C:/devkitPro/libnds/lib\libnds9.a(biosCalls.o)
 .text.swiChangeSoundBias
                0x0000000000000000        0x4 C:/devkitPro/libnds/lib\libnds9.a(biosCalls.o)
 .text.swiDivide
                0x0000000000000000        0x4 C:/devkitPro/libnds/lib\libnds9.a(biosCalls.o)
 .text.swiRemainder
                0x0000000000000000        0x8 C:/devkitPro/libnds/lib\libnds9.a(biosCalls.o)
 .text.swiDivMod
                0x0000000000000000        0xc C:/devkitPro/libnds/lib\libnds9.a(biosCalls.o)
 .text.swiCopy  0x0000000000000000        0x4 C:/devkitPro/libnds/lib\libnds9.a(biosCalls.o)
 .text.swiFastCopy
                0x0000000000000000        0x4 C:/devkitPro/libnds/lib\libnds9.a(biosCalls.o)
 .text.swiSqrt  0x0000000000000000        0x4 C:/devkitPro/libnds/lib\libnds9.a(biosCalls.o)
 .text.swiCRC16
                0x0000000000000000        0x4 C:/devkitPro/libnds/lib\libnds9.a(biosCalls.o)
 .text.swiIsDebugger
                0x0000000000000000        0x4 C:/devkitPro/libnds/lib\libnds9.a(biosCalls.o)
 .text.swiUnpackBits
                0x0000000000000000        0x4 C:/devkitPro/libnds/lib\libnds9.a(biosCalls.o)
 .text.swiDecompressLZSSWram
                0x0000000000000000        0x4 C:/devkitPro/libnds/lib\libnds9.a(biosCalls.o)
 .text.swiDecompressLZSSVramNTR
                0x0000000000000000        0x4 C:/devkitPro/libnds/lib\libnds9.a(biosCalls.o)
 .text.swiDecompressLZSSVramTWL
                0x0000000000000000        0x4 C:/devkitPro/libnds/lib\libnds9.a(biosCalls.o)
 .text.swiDecompressHuffman
                0x0000000000000000        0x4 C:/devkitPro/libnds/lib\libnds9.a(biosCalls.o)
 .text.swiDecompressRLEWram
                0x0000000000000000        0x4 C:/devkitPro/libnds/lib\libnds9.a(biosCalls.o)
 .text.swiDecompressRLEVram
                0x0000000000000000        0x4 C:/devkitPro/libnds/lib\libnds9.a(biosCalls.o)
 .text.swiWaitForIRQ
                0x0000000000000000        0x4 C:/devkitPro/libnds/lib\libnds9.a(biosCalls.o)
 .text.swiDecodeDelta8
                0x0000000000000000        0x4 C:/devkitPro/libnds/lib\libnds9.a(biosCalls.o)
 .text.swiDecodeDelta16
                0x0000000000000000        0x4 C:/devkitPro/libnds/lib\libnds9.a(biosCalls.o)
 .text.swiSetHaltCR
                0x0000000000000000        0x4 C:/devkitPro/libnds/lib\libnds9.a(biosCalls.o)
 .text          0x0000000000000000        0x0 c:/devkitpro/devkitarm/bin/../lib/gcc/arm-none-eabi/12.2.0/../../../../arm-none-eabi/lib\libg.a(lib_a-bsearch.o)
 .data          0x0000000000000000        0x0 c:/devkitpro/devkitarm/bin/../lib/gcc/arm-none-eabi/12.2.0/../../../../arm-none-eabi/lib\libg.a(lib_a-bsearch.o)
 .bss           0x0000000000000000        0x0 c:/devkitpro/devkitarm/bin/../lib/gcc/arm-none-eabi/12.2.0/../../../../arm-none-eabi/lib\libg.a(lib_a-bsearch.o)
 .text.bsearch  0x0000000000000000       0x80 c:/devkitpro/devkitarm/bin/../lib/gcc/arm-none-eabi/12.2.0/../../../../arm-none-eabi/lib\libg.a(lib_a-bsearch.o)
 .comment       0x0000000000000000       0x24 c:/devkitpro/devkitarm/bin/../lib/gcc/arm-none-eabi/12.2.0/../../../../arm-none-eabi/lib\libg.a(lib_a-bsearch.o)
 .ARM.attributes
                0x0000000000000000       0x2a c:/devkitpro/devkitarm/bin/../lib/gcc/arm-none-eabi/12.2.0/../../../../arm-none-eabi/lib\libg.a(lib_a-bsearch.o)
 .text          0x0000000000000000        0x0 c:/devkitpro/devkitarm/bin/../lib/gcc/arm-none-eabi/12.2.0/../../../../arm-none-eabi/lib\libg.a(lib_a-init.o)
 .data          0x0000000000000000        0x0 c:/devkitpro/devkitarm/bin/../lib/gcc/arm-none-eabi/12.2.0/../../../../arm-none-eabi/lib\libg.a(lib_a-init.o)
 .bss           0x0000000000000000        0x0 c:/devkitpro/devkitarm/bin/../lib/gcc/arm-none-eabi/12.2.0/../../../../arm-none-eabi/lib\libg.a(lib_a-init.o)
 .text          0x0000000000000000        0x0 c:/devkitpro/devkitarm/bin/../lib/gcc/arm-none-eabi/12.2.0/../../../../arm-none-eabi/lib\libg.a(lib_a-malloc.o)
 .data          0x0000000000000000        0x0 c:/devkitpro/devkitarm/bin/../lib/gcc/arm-none-eabi/12.2.0/../../../../arm-none-eabi/lib\libg.a(lib_a-malloc.o)
 .bss           0x0000000000000000        0x0 c:/devkitpro/devkitarm/bin/../lib/gcc/arm-none-eabi/12.2.0/../../../../arm-none-eabi/lib\libg.a(lib_a-malloc.o)
 .text          0x0000000000000000        0x0 c:/devkitpro/devkitarm/bin/../lib/gcc/arm-none-eabi/12.2.0/../../../../arm-none-eabi/lib\libg.a(lib_a-mallocr.o)
 .data          0x0000000000000000        0x0 c:/devkitpro/devkitarm/bin/../lib/gcc/arm-none-eabi/12.2.0/../../../../arm-none-eabi/lib\libg.a(lib_a-mallocr.o)
 .bss           0x0000000000000000        0x0 c:/devkitpro/devkitarm/bin/../lib/gcc/arm-none-eabi/12.2.0/../../../../arm-none-eabi/lib\libg.a(lib_a-mallocr.o)
 .text          0x0000000000000000        0x0 c:/devkitpro/devkitarm/bin/../lib/gcc/arm-none-eabi/12.2.0/../../../../arm-none-eabi/lib\libg.a(lib_a-memcpy-stub.o)
 .data          0x0000000000000000        0x0 c:/devkitpro/devkitarm/bin/../lib/gcc/arm-none-eabi/12.2.0/../../../../arm-none-eabi/lib\libg.a(lib_a-memcpy-stub.o)
 .bss           0x0000000000000000        0x0 c:/devkitpro/devkitarm/bin/../lib/gcc/arm-none-eabi/12.2.0/../../../../arm-none-eabi/lib\libg.a(lib_a-memcpy-stub.o)
 .text          0x0000000000000000        0x0 c:/devkitpro/devkitarm/bin/../lib/gcc/arm-none-eabi/12.2.0/../../../../arm-none-eabi/lib\libg.a(lib_a-mlock.o)
 .data          0x0000000000000000        0x0 c:/devkitpro/devkitarm/bin/../lib/gcc/arm-none-eabi/12.2.0/../../../../arm-none-eabi/lib\libg.a(lib_a-mlock.o)
 .bss           0x0000000000000000        0x0 c:/devkitpro/devkitarm/bin/../lib/gcc/arm-none-eabi/12.2.0/../../../../arm-none-eabi/lib\libg.a(lib_a-mlock.o)
 .text          0x0000000000000000        0x0 c:/devkitpro/devkitarm/bin/../lib/gcc/arm-none-eabi/12.2.0/../../../../arm-none-eabi/lib\libg.a(lib_a-realloc.o)
 .data          0x0000000000000000        0x0 c:/devkitpro/devkitarm/bin/../lib/gcc/arm-none-eabi/12.2.0/../../../../arm-none-eabi/lib\libg.a(lib_a-realloc.o)
 .bss           0x0000000000000000        0x0 c:/devkitpro/devkitarm/bin/../lib/gcc/arm-none-eabi/12.2.0/../../../../arm-none-eabi/lib\libg.a(lib_a-realloc.o)
 .text          0x0000000000000000        0x0 c:/devkitpro/devkitarm/bin/../lib/gcc/arm-none-eabi/12.2.0/../../../../arm-none-eabi/lib\libg.a(lib_a-reallocr.o)
 .data          0x0000000000000000        0x0 c:/devkitpro/devkitarm/bin/../lib/gcc/arm-none-eabi/12.2.0/../../../../arm-none-eabi/lib\libg.a(lib_a-reallocr.o)
 .bss           0x0000000000000000        0x0 c:/devkitpro/devkitarm/bin/../lib/gcc/arm-none-eabi/12.2.0/../../../../arm-none-eabi/lib\libg.a(lib_a-reallocr.o)
 .text          0x0000000000000000        0x0 c:/devkitpro/devkitarm/bin/../lib/gcc/arm-none-eabi/12.2.0/../../../../arm-none-eabi/lib\libg.a(lib_a-freer.o)
 .data          0x0000000000000000        0x0 c:/devkitpro/devkitarm/bin/../lib/gcc/arm-none-eabi/12.2.0/../../../../arm-none-eabi/lib\libg.a(lib_a-freer.o)
 .bss           0x0000000000000000        0x0 c:/devkitpro/devkitarm/bin/../lib/gcc/arm-none-eabi/12.2.0/../../../../arm-none-eabi/lib\libg.a(lib_a-freer.o)
 .text          0x0000000000000000        0x0 c:/devkitpro/devkitarm/bin/../lib/gcc/arm-none-eabi/12.2.0/../../../../arm-none-eabi/lib\libg.a(lib_a-memmove.o)
 .data          0x0000000000000000        0x0 c:/devkitpro/devkitarm/bin/../lib/gcc/arm-none-eabi/12.2.0/../../../../arm-none-eabi/lib\libg.a(lib_a-memmove.o)
 .bss           0x0000000000000000        0x0 c:/devkitpro/devkitarm/bin/../lib/gcc/arm-none-eabi/12.2.0/../../../../arm-none-eabi/lib\libg.a(lib_a-memmove.o)
 .text          0x0000000000000000        0x0 c:/devkitpro/devkitarm/bin/../lib/gcc/arm-none-eabi/12.2.0/../../../../arm-none-eabi/lib\libsysbase.a(sbrk.o)
 .data          0x0000000000000000        0x0 c:/devkitpro/devkitarm/bin/../lib/gcc/arm-none-eabi/12.2.0/../../../../arm-none-eabi/lib\libsysbase.a(sbrk.o)
 .bss           0x0000000000000000        0x0 c:/devkitpro/devkitarm/bin/../lib/gcc/arm-none-eabi/12.2.0/../../../../arm-none-eabi/lib\libsysbase.a(sbrk.o)
 .text          0x0000000000000000        0x0 c:/devkitpro/devkitarm/bin/../lib/gcc/arm-none-eabi/12.2.0/../../../../arm-none-eabi/lib\libsysbase.a(malloc_vars.o)
 .data          0x0000000000000000        0x0 c:/devkitpro/devkitarm/bin/../lib/gcc/arm-none-eabi/12.2.0/../../../../arm-none-eabi/lib\libsysbase.a(malloc_vars.o)
 .bss           0x0000000000000000        0x0 c:/devkitpro/devkitarm/bin/../lib/gcc/arm-none-eabi/12.2.0/../../../../arm-none-eabi/lib\libsysbase.a(malloc_vars.o)
 .text          0x0000000000000000        0x0 c:/devkitpro/devkitarm/bin/../lib/gcc/arm-none-eabi/12.2.0/../../../../arm-none-eabi/lib\libsysbase.a(build_argv.o)
 .data          0x0000000000000000        0x0 c:/devkitpro/devkitarm/bin/../lib/gcc/arm-none-eabi/12.2.0/../../../../arm-none-eabi/lib\libsysbase.a(build_argv.o)
 .bss           0x0000000000000000        0x0 c:/devkitpro/devkitarm/bin/../lib/gcc/arm-none-eabi/12.2.0/../../../../arm-none-eabi/lib\libsysbase.a(build_argv.o)
 .text          0x0000000000000000        0x0 c:/devkitpro/devkitarm/bin/../lib/gcc/arm-none-eabi/12.2.0/../../../../arm-none-eabi/lib\libsysbase.a(getreent.o)
 .data          0x0000000000000000        0x0 c:/devkitpro/devkitarm/bin/../lib/gcc/arm-none-eabi/12.2.0/../../../../arm-none-eabi/lib\libsysbase.a(getreent.o)
 .bss           0x0000000000000000        0x0 c:/devkitpro/devkitarm/bin/../lib/gcc/arm-none-eabi/12.2.0/../../../../arm-none-eabi/lib\libsysbase.a(getreent.o)
 .text          0x0000000000000000        0x0 c:/devkitpro/devkitarm/bin/../lib/gcc/arm-none-eabi/12.2.0/../../../../arm-none-eabi/lib\libsysbase.a(syscall_support.o)
 .data          0x0000000000000000        0x0 c:/devkitpro/devkitarm/bin/../lib/gcc/arm-none-eabi/12.2.0/../../../../arm-none-eabi/lib\libsysbase.a(syscall_support.o)
 .bss           0x0000000000000000        0x0 c:/devkitpro/devkitarm/bin/../lib/gcc/arm-none-eabi/12.2.0/../../../../arm-none-eabi/lib\libsysbase.a(syscall_support.o)
 .text.__libc_lock_init
                0x0000000000000000       0x20 c:/devkitpro/devkitarm/bin/../lib/gcc/arm-none-eabi/12.2.0/../../../../arm-none-eabi/lib\libsysbase.a(syscall_support.o)
 .text.__libc_lock_acquire
                0x0000000000000000       0x20 c:/devkitpro/devkitarm/bin/../lib/gcc/arm-none-eabi/12.2.0/../../../../arm-none-eabi/lib\libsysbase.a(syscall_support.o)
 .text.__libc_lock_try_acquire
                0x0000000000000000       0x28 c:/devkitpro/devkitarm/bin/../lib/gcc/arm-none-eabi/12.2.0/../../../../arm-none-eabi/lib\libsysbase.a(syscall_support.o)
 .text.__libc_lock_release
                0x0000000000000000       0x20 c:/devkitpro/devkitarm/bin/../lib/gcc/arm-none-eabi/12.2.0/../../../../arm-none-eabi/lib\libsysbase.a(syscall_support.o)
 .text.__libc_lock_close
                0x0000000000000000       0x20 c:/devkitpro/devkitarm/bin/../lib/gcc/arm-none-eabi/12.2.0/../../../../arm-none-eabi/lib\libsysbase.a(syscall_support.o)
 .text.__libc_lock_init_recursive
                0x0000000000000000       0x20 c:/devkitpro/devkitarm/bin/../lib/gcc/arm-none-eabi/12.2.0/../../../../arm-none-eabi/lib\libsysbase.a(syscall_support.o)
 .text.__libc_lock_try_acquire_recursive
                0x0000000000000000       0x28 c:/devkitpro/devkitarm/bin/../lib/gcc/arm-none-eabi/12.2.0/../../../../arm-none-eabi/lib\libsysbase.a(syscall_support.o)
 .text.__libc_lock_close_recursive
                0x0000000000000000       0x20 c:/devkitpro/devkitarm/bin/../lib/gcc/arm-none-eabi/12.2.0/../../../../arm-none-eabi/lib\libsysbase.a(syscall_support.o)
 .text          0x0000000000000000        0x0 c:/devkitpro/devkitarm/bin/../lib/gcc/arm-none-eabi/12.2.0/../../../../arm-none-eabi/lib\libg.a(lib_a-impure.o)
 .data          0x0000000000000000        0x0 c:/devkitpro/devkitarm/bin/../lib/gcc/arm-none-eabi/12.2.0/../../../../arm-none-eabi/lib\libg.a(lib_a-impure.o)
 .bss           0x0000000000000000        0x0 c:/devkitpro/devkitarm/bin/../lib/gcc/arm-none-eabi/12.2.0/../../../../arm-none-eabi/lib\libg.a(lib_a-impure.o)
 .rodata._global_impure_ptr
                0x0000000000000000        0x4 c:/devkitpro/devkitarm/bin/../lib/gcc/arm-none-eabi/12.2.0/../../../../arm-none-eabi/lib\libg.a(lib_a-impure.o)
 .text          0x0000000000000000        0x0 c:/devkitpro/devkitarm/bin/../lib/gcc/arm-none-eabi/12.2.0/crtend.o
 .data          0x0000000000000000        0x0 c:/devkitpro/devkitarm/bin/../lib/gcc/arm-none-eabi/12.2.0/crtend.o
 .bss           0x0000000000000000        0x0 c:/devkitpro/devkitarm/bin/../lib/gcc/arm-none-eabi/12.2.0/crtend.o
 .rodata.all_implied_fbits
                0x0000000000000000       0x24 c:/devkitpro/devkitarm/bin/../lib/gcc/arm-none-eabi/12.2.0/crtend.o
 .text          0x0000000000000000        0x0 c:/devkitpro/devkitarm/bin/../lib/gcc/arm-none-eabi/12.2.0/crtn.o
 .data          0x0000000000000000        0x0 c:/devkitpro/devkitarm/bin/../lib/gcc/arm-none-eabi/12.2.0/crtn.o
 .bss           0x0000000000000000        0x0 c:/devkitpro/devkitarm/bin/../lib/gcc/arm-none-eabi/12.2.0/crtn.o

Memory Configuration

Name             Origin             Length             Attributes
ewram            0x0000000002000000 0x0000000000380000
dtcm             0x0000000002ff0000 0x0000000000004000
vectors          0x0000000001000000 0x0000000000000100
itcm             0x0000000001000100 0x0000000000007f00
*default*        0x0000000000000000 0xffffffffffffffff

Linker script and memory map

                0x0000000002380000                __ewram_end = (ORIGIN (ewram) + LENGTH (ewram))
                0x0000000002380000                __eheap_end = (ORIGIN (ewram) + LENGTH (ewram))
                0x0000000002ff4000                __dtcm_top = (ORIGIN (dtcm) + LENGTH (dtcm))
                0x0000000002ff3ff8                __irq_flags = (__dtcm_top - 0x8)
                0x0000000002ff3ffc                __irq_vector = (__dtcm_top - 0x4)
                0x0000000002ff3f00                __sp_svc = (__dtcm_top - 0x100)
                0x0000000002ff3e00                __sp_irq = (__sp_svc - 0x100)
                0x0000000002ff3d00                __sp_usr = (__sp_irq - 0x100)

.secure         0x0000000002000000      0x800
 *(.secure)
 .secure        0x0000000002000000      0x800 C:/devkitPro/libnds/lib\libnds9.a(securearea.o)
                0x0000000002000000                __secure_area__

.crt0           0x0000000002000800      0x300
                0x0000000002000800                __text_start = .
 *(.crt0)
 .crt0          0x0000000002000800      0x300 c:/devkitpro/devkitarm/bin/../lib/gcc/arm-none-eabi/12.2.0/../../../../arm-none-eabi/lib/ds_arm9_crt0.o
                0x0000000002000800                _start
                0x0000000002000b00                . = ALIGN (0x4)

.plt
 *(.plt)

.init           0x0000000002000b00       0x18
 *(SORT_NONE(.init))
 .init          0x0000000002000b00        0xc c:/devkitpro/devkitarm/bin/../lib/gcc/arm-none-eabi/12.2.0/crti.o
                0x0000000002000b00                _init
 .init          0x0000000002000b0c        0xc c:/devkitpro/devkitarm/bin/../lib/gcc/arm-none-eabi/12.2.0/crtn.o

.text           0x0000000002000b18     0x3248
 *(EXCLUDE_FILE(*.twl* *.vectors* *.itcm*) .text)
 *(EXCLUDE_FILE(*.twl* *.vectors* *.itcm*) .stub)
 *(EXCLUDE_FILE(*.twl* *.vectors* *.itcm*) .text.*)
 .text.__do_global_dtors_aux
                0x0000000002000b18       0x40 c:/devkitpro/devkitarm/bin/../lib/gcc/arm-none-eabi/12.2.0/crtbegin.o
 .text.frame_dummy
                0x0000000002000b58       0x30 c:/devkitpro/devkitarm/bin/../lib/gcc/arm-none-eabi/12.2.0/crtbegin.o
 .text.startup  0x0000000002000b88      0x2d8 main.o
                0x0000000002000b88                main
 .text.oamAllocReset
                0x0000000002000e60       0x1c C:/devkitPro/libnds/lib\libnds9.a(sprite_alloc.o)
                0x0000000002000e60                oamAllocReset
 .text.oamAllocateGfx
                0x0000000002000e7c      0x50c C:/devkitPro/libnds/lib\libnds9.a(sprite_alloc.o)
                0x0000000002000e7c                oamAllocateGfx
 .text.oamInit  0x0000000002001388      0x114 C:/devkitPro/libnds/lib\libnds9.a(sprite.o)
                0x0000000002001388                oamInit
 .text.oamGetGfxPtr
                0x000000000200149c       0x38 C:/devkitPro/libnds/lib\libnds9.a(sprite.o)
                0x000000000200149c                oamGetGfxPtr
 .text.oamGfxPtrToOffset
                0x00000000020014d4       0x34 C:/devkitPro/libnds/lib\libnds9.a(sprite.o)
                0x00000000020014d4                oamGfxPtrToOffset
 .text.oamSet   0x0000000002001508      0x104 C:/devkitPro/libnds/lib\libnds9.a(sprite.o)
                0x0000000002001508                oamSet
 .text.oamUpdate
                0x000000000200160c       0x60 C:/devkitPro/libnds/lib\libnds9.a(sprite.o)
                0x000000000200160c                oamUpdate
 .text.initSystem
                0x000000000200166c      0x180 C:/devkitPro/libnds/lib\libnds9.a(initSystem.o)
                0x000000000200166c                initSystem
 .text.irqDummy
                0x00000000020017ec        0x4 C:/devkitPro/libnds/lib\libnds9.a(interrupts.o)
                0x00000000020017ec                irqDummy
 .text.irqSet   0x00000000020017f0       0x6c C:/devkitPro/libnds/lib\libnds9.a(interrupts.o)
                0x00000000020017f0                irqSet
 .text.irqInit  0x000000000200185c       0x50 C:/devkitPro/libnds/lib\libnds9.a(interrupts.o)
                0x000000000200185c                irqInit
 .text.irqEnable
                0x00000000020018ac       0x64 C:/devkitPro/libnds/lib\libnds9.a(interrupts.o)
                0x00000000020018ac                irqEnable
 .text.systemErrorExit
                0x0000000002001910        0x4 C:/devkitPro/libnds/lib\libnds9.a(libnds_exit.arm.o)
                0x0000000002001910                systemErrorExit
 .text.__libnds_exit
                0x0000000002001914       0x5c C:/devkitPro/libnds/lib\libnds9.a(libnds_exit.arm.o)
                0x0000000002001914                __libnds_exit
 .text.fifo_queueBlock
                0x0000000002001970       0x44 C:/devkitPro/libnds/lib\libnds9.a(fifosystem.o)
 .text.fifo_waitBlock
                0x00000000020019b4       0x80 C:/devkitPro/libnds/lib\libnds9.a(fifosystem.o)
 .text.fifoInternalSend.part.0
                0x0000000002001a34       0xd4 C:/devkitPro/libnds/lib\libnds9.a(fifosystem.o)
 .text.fifoInternalSendInterrupt
                0x0000000002001b08       0xb0 C:/devkitPro/libnds/lib\libnds9.a(fifosystem.o)
 .text.fifoSetValue32Handler
                0x0000000002001bb8       0xd4 C:/devkitPro/libnds/lib\libnds9.a(fifosystem.o)
                0x0000000002001bb8                fifoSetValue32Handler
 .text.fifoSendValue32
                0x0000000002001c8c       0x4c C:/devkitPro/libnds/lib\libnds9.a(fifosystem.o)
                0x0000000002001c8c                fifoSendValue32
 .text.fifoGetDatamsg
                0x0000000002001cd8       0xf4 C:/devkitPro/libnds/lib\libnds9.a(fifosystem.o)
                0x0000000002001cd8                fifoGetDatamsg
 .text.fifoInternalRecvInterrupt
                0x0000000002001dcc      0x37c C:/devkitPro/libnds/lib\libnds9.a(fifosystem.o)
 .text.fifoSetDatamsgHandler
                0x0000000002002148       0x9c C:/devkitPro/libnds/lib\libnds9.a(fifosystem.o)
                0x0000000002002148                fifoSetDatamsgHandler
 .text.fifoInit
                0x00000000020021e4      0x108 C:/devkitPro/libnds/lib\libnds9.a(fifosystem.o)
                0x00000000020021e4                fifoInit
 .text.DC_FlushRange
                0x00000000020022ec       0x24 C:/devkitPro/libnds/lib\libnds9.a(dcache.o)
                0x00000000020022ec                DC_FlushRange
 .text.__libnds_mpu_setup
                0x0000000002002310      0x174 C:/devkitPro/libnds/lib\libnds9.a(mpu_setup.o)
                0x0000000002002310                __libnds_mpu_setup
 .text.memUncached
                0x0000000002002484       0x20 C:/devkitPro/libnds/lib\libnds9.a(mpu_setup.o)
                0x0000000002002484                memUncached
 .text.swiWaitForVBlank
                0x00000000020024a4        0x8 C:/devkitPro/libnds/lib\libnds9.a(IntrWait.o)
                0x00000000020024a4                swiWaitForVBlank
 .text.swiIntrWait
                0x00000000020024ac       0x70 C:/devkitPro/libnds/lib\libnds9.a(IntrWait.o)
                0x00000000020024ac                swiIntrWait
 .text.setCpuClock
                0x000000000200251c       0x50 C:/devkitPro/libnds/lib\libnds9.a(cpu_clock.o)
                0x000000000200251c                setCpuClock
 .text.swiSoftReset
                0x000000000200256c       0x2c C:/devkitPro/libnds/lib\libnds9.a(swiSoftReset.o)
                0x000000000200256c                swiSoftReset
 .text.vramDefault
                0x0000000002002598       0xd0 C:/devkitPro/libnds/lib\libnds9.a(video.o)
                0x0000000002002598                vramDefault
 .text.systemValueHandler
                0x0000000002002668       0x48 C:/devkitPro/libnds/lib\libnds9.a(system.o)
                0x0000000002002668                systemValueHandler
 .text.systemMsgHandler
                0x00000000020026b0       0x60 C:/devkitPro/libnds/lib\libnds9.a(system.o)
                0x00000000020026b0                systemMsgHandler
 .text.powerOn  0x0000000002002710       0x2c C:/devkitPro/libnds/lib\libnds9.a(system.o)
                0x0000000002002710                powerOn
 .text.swiDelay
                0x000000000200273c        0x4 C:/devkitPro/libnds/lib\libnds9.a(biosCalls.o)
                0x000000000200273c                swiDelay
 .text.__libc_init_array
                0x0000000002002740       0x90 c:/devkitpro/devkitarm/bin/../lib/gcc/arm-none-eabi/12.2.0/../../../../arm-none-eabi/lib\libg.a(lib_a-init.o)
                0x0000000002002740                __libc_init_array
 .text.malloc   0x00000000020027d0       0x1c c:/devkitpro/devkitarm/bin/../lib/gcc/arm-none-eabi/12.2.0/../../../../arm-none-eabi/lib\libg.a(lib_a-malloc.o)
                0x00000000020027d0                malloc
 .text.free     0x00000000020027ec       0x1c c:/devkitpro/devkitarm/bin/../lib/gcc/arm-none-eabi/12.2.0/../../../../arm-none-eabi/lib\libg.a(lib_a-malloc.o)
                0x00000000020027ec                free
 .text._malloc_r
                0x0000000002002808      0x7f0 c:/devkitpro/devkitarm/bin/../lib/gcc/arm-none-eabi/12.2.0/../../../../arm-none-eabi/lib\libg.a(lib_a-mallocr.o)
                0x0000000002002808                _malloc_r
 .text.memcpy   0x0000000002002ff8      0x114 c:/devkitpro/devkitarm/bin/../lib/gcc/arm-none-eabi/12.2.0/../../../../arm-none-eabi/lib\libg.a(lib_a-memcpy-stub.o)
                0x0000000002002ff8                memcpy
 .text.__malloc_lock
                0x000000000200310c       0x18 c:/devkitpro/devkitarm/bin/../lib/gcc/arm-none-eabi/12.2.0/../../../../arm-none-eabi/lib\libg.a(lib_a-mlock.o)
                0x000000000200310c                __malloc_lock
 .text.__malloc_unlock
                0x0000000002003124       0x18 c:/devkitpro/devkitarm/bin/../lib/gcc/arm-none-eabi/12.2.0/../../../../arm-none-eabi/lib\libg.a(lib_a-mlock.o)
                0x0000000002003124                __malloc_unlock
 .text.realloc  0x000000000200313c       0x24 c:/devkitpro/devkitarm/bin/../lib/gcc/arm-none-eabi/12.2.0/../../../../arm-none-eabi/lib\libg.a(lib_a-realloc.o)
                0x000000000200313c                realloc
 .text._realloc_r
                0x0000000002003160      0x4b8 c:/devkitpro/devkitarm/bin/../lib/gcc/arm-none-eabi/12.2.0/../../../../arm-none-eabi/lib\libg.a(lib_a-reallocr.o)
                0x0000000002003160                _realloc_r
 .text._malloc_trim_r
                0x0000000002003618      0x100 c:/devkitpro/devkitarm/bin/../lib/gcc/arm-none-eabi/12.2.0/../../../../arm-none-eabi/lib\libg.a(lib_a-freer.o)
                0x0000000002003618                _malloc_trim_r
 .text._free_r  0x0000000002003718      0x2e8 c:/devkitpro/devkitarm/bin/../lib/gcc/arm-none-eabi/12.2.0/../../../../arm-none-eabi/lib\libg.a(lib_a-freer.o)
                0x0000000002003718                _free_r
 .text.memmove  0x0000000002003a00      0x154 c:/devkitpro/devkitarm/bin/../lib/gcc/arm-none-eabi/12.2.0/../../../../arm-none-eabi/lib\libg.a(lib_a-memmove.o)
                0x0000000002003a00                memmove
 .text._sbrk_r  0x0000000002003b54       0x7c c:/devkitpro/devkitarm/bin/../lib/gcc/arm-none-eabi/12.2.0/../../../../arm-none-eabi/lib\libsysbase.a(sbrk.o)
                0x0000000002003b54                _sbrk_r
 .text.build_argv
                0x0000000002003bd0       0x80 c:/devkitpro/devkitarm/bin/../lib/gcc/arm-none-eabi/12.2.0/../../../../arm-none-eabi/lib\libsysbase.a(build_argv.o)
                0x0000000002003bd0                build_argv
 .text.__getreent
                0x0000000002003c50       0x30 c:/devkitpro/devkitarm/bin/../lib/gcc/arm-none-eabi/12.2.0/../../../../arm-none-eabi/lib\libsysbase.a(getreent.o)
                0x0000000002003c50                __getreent
 .text.__libc_lock_acquire_recursive
                0x0000000002003c80       0x20 c:/devkitpro/devkitarm/bin/../lib/gcc/arm-none-eabi/12.2.0/../../../../arm-none-eabi/lib\libsysbase.a(syscall_support.o)
                0x0000000002003c80                __libc_lock_acquire_recursive
 .text.__libc_lock_release_recursive
                0x0000000002003ca0       0x20 c:/devkitpro/devkitarm/bin/../lib/gcc/arm-none-eabi/12.2.0/../../../../arm-none-eabi/lib\libsysbase.a(syscall_support.o)
                0x0000000002003ca0                __libc_lock_release_recursive
 .text.__libc_lock_release_recursive.__stub
                0x0000000002003cc0       0x8c linker stubs
 *(EXCLUDE_FILE(*.twl*) .gnu.warning)
 *(EXCLUDE_FILE(*.twl*) .gnu.linkonce.t*)
 *(.glue_7)
 .glue_7        0x0000000002003d60        0x0 linker stubs
 *(.glue_7t)
 .glue_7t       0x0000000002003d60        0x0 linker stubs
                0x0000000002003d60                . = ALIGN (0x4)

.vfp11_veneer   0x0000000002003d60        0x0
 .vfp11_veneer  0x0000000002003d60        0x0 linker stubs

.v4_bx          0x0000000002003d60        0x0
 .v4_bx         0x0000000002003d60        0x0 linker stubs

.iplt           0x0000000002003d60        0x0
 .iplt          0x0000000002003d60        0x0 c:/devkitpro/devkitarm/bin/../lib/gcc/arm-none-eabi/12.2.0/../../../../arm-none-eabi/lib/ds_arm9_crt0.o

.fini           0x0000000002003d60       0x18
 *(.fini)
 .fini          0x0000000002003d60        0xc c:/devkitpro/devkitarm/bin/../lib/gcc/arm-none-eabi/12.2.0/crti.o
                0x0000000002003d60                _fini
 .fini          0x0000000002003d6c        0xc c:/devkitpro/devkitarm/bin/../lib/gcc/arm-none-eabi/12.2.0/crtn.o
                0x0000000002003d78                __text_end = .

.rodata         0x0000000002003d78     0x1100
 *(EXCLUDE_FILE(*.twl*) .rodata)
 .rodata        0x0000000002003d78      0xe00 Player.o
                0x0000000002003d78                PlayerTiles
                0x0000000002004978                PlayerPal
 .rodata        0x0000000002004b78      0x300 PlayerHat.o
                0x0000000002004b78                PlayerHatTiles
                0x0000000002004c78                PlayerHatPal
 *all.rodata*(*)
 *(EXCLUDE_FILE(*.twl*) .roda)
 *(EXCLUDE_FILE(*.twl*) .rodata.*)
 *(EXCLUDE_FILE(*.twl*) .gnu.linkonce.r*)
                0x0000000002004e78                . = ALIGN (0x4)

.ARM.extab
 *(.ARM.extab* .gnu.linkonce.armextab.*)
                0x0000000002004e78                __exidx_start = .

ARM.exidx
 *(.ARM.exidx* .gnu.linkonce.armexidx.*)
                0x0000000002004e78                __exidx_end = .
                0x0000000002004e78                . = ALIGN (0x4)
                0x0000000002004e78                PROVIDE (__preinit_array_start = .)

.preinit_array
 *(.preinit_array)
                0x0000000002004e78                PROVIDE (__preinit_array_end = .)
                0x0000000002004e78                PROVIDE (__init_array_start = .)

.init_array     0x0000000002004e78        0x8
 *(SORT_BY_NAME(.init_array.*))
 *(.init_array)
 .init_array    0x0000000002004e78        0x4 c:/devkitpro/devkitarm/bin/../lib/gcc/arm-none-eabi/12.2.0/crtbegin.o
 .init_array    0x0000000002004e7c        0x4 main.o
                0x0000000002004e80                PROVIDE (__init_array_end = .)
                [!provide]                        PROVIDE (__fini_array_start = .)

.fini_array     0x0000000002004e80        0x4
 *(.fini_array)
 .fini_array    0x0000000002004e80        0x4 c:/devkitpro/devkitarm/bin/../lib/gcc/arm-none-eabi/12.2.0/crtbegin.o
 *(SORT_BY_NAME(.fini_array.*))
                [!provide]                        PROVIDE (__fini_array_end = .)

.ctors          0x0000000002004e84        0x0
 *crtbegin.o(.ctors)
 *(EXCLUDE_FILE(*crtend.o) .ctors)
 *(SORT_BY_NAME(.ctors.*))
 *(.ctors)
                0x0000000002004e84                . = ALIGN (0x4)

.dtors          0x0000000002004e84        0x0
 *crtbegin.o(.dtors)
 *(EXCLUDE_FILE(*crtend.o) .dtors)
 *(SORT_BY_NAME(.dtors.*))
 *(.dtors)
                0x0000000002004e84                . = ALIGN (0x4)

.eh_frame       0x0000000002004e84        0x4
 *(.eh_frame)
 .eh_frame      0x0000000002004e84        0x0 c:/devkitpro/devkitarm/bin/../lib/gcc/arm-none-eabi/12.2.0/crtbegin.o
 .eh_frame      0x0000000002004e84        0x4 c:/devkitpro/devkitarm/bin/../lib/gcc/arm-none-eabi/12.2.0/crtend.o
                0x0000000002004e88                . = ALIGN (0x4)

.rel.dyn        0x0000000002004e88        0x0
 .rel.iplt      0x0000000002004e88        0x0 c:/devkitpro/devkitarm/bin/../lib/gcc/arm-none-eabi/12.2.0/../../../../arm-none-eabi/lib/ds_arm9_crt0.o

.gcc_except_table
                0x0000000002004e88        0x0
 *(.gcc_except_table)
                0x0000000002004e88                . = ALIGN (0x4)

.jcr
 *(.jcr)

.got
 *(.got.plt)
 *(.got)
 *(.rel.got)

.ewram          0x0000000002004e88        0x0
                0x0000000002004e88                __ewram_start = ABSOLUTE (.)
 *(.ewram)
 *ewram.*(.text)
                0x0000000002004e88                . = ALIGN (0x4)

.data           0x0000000002004e88      0x8e0
                0x0000000002004e88                __data_start = ABSOLUTE (.)
 *(EXCLUDE_FILE(*.twl*) .data)
 .data          0x0000000002004e88       0x28 C:/devkitPro/libnds/lib\libnds9.a(mpu_setup.o)
 *(EXCLUDE_FILE(*.twl*) .data.*)
 .data.oamMain  0x0000000002004eb0       0x18 C:/devkitPro/libnds/lib\libnds9.a(sprite.o)
                0x0000000002004eb0                oamMain
 .data.oamSub   0x0000000002004ec8       0x18 C:/devkitPro/libnds/lib\libnds9.a(sprite.o)
                0x0000000002004ec8                oamSub
 .data.fifo_buffer_free
                0x0000000002004ee0        0x4 C:/devkitPro/libnds/lib\libnds9.a(fifosystem.o)
                0x0000000002004ee0                fifo_buffer_free
 .data.fifo_freewords
                0x0000000002004ee4        0x4 C:/devkitPro/libnds/lib\libnds9.a(fifosystem.o)
                0x0000000002004ee4                fifo_freewords
 .data.fifo_receive_queue
                0x0000000002004ee8        0x4 C:/devkitPro/libnds/lib\libnds9.a(fifosystem.o)
                0x0000000002004ee8                fifo_receive_queue
 .data.fifo_send_queue
                0x0000000002004eec        0x4 C:/devkitPro/libnds/lib\libnds9.a(fifosystem.o)
                0x0000000002004eec                fifo_send_queue
 .data.__malloc_sbrk_base
                0x0000000002004ef0        0x4 c:/devkitpro/devkitarm/bin/../lib/gcc/arm-none-eabi/12.2.0/../../../../arm-none-eabi/lib\libg.a(lib_a-mallocr.o)
                0x0000000002004ef0                __malloc_sbrk_base
 .data.__malloc_trim_threshold
                0x0000000002004ef4        0x4 c:/devkitpro/devkitarm/bin/../lib/gcc/arm-none-eabi/12.2.0/../../../../arm-none-eabi/lib\libg.a(lib_a-mallocr.o)
                0x0000000002004ef4                __malloc_trim_threshold
 .data.__malloc_av_
                0x0000000002004ef8      0x408 c:/devkitpro/devkitarm/bin/../lib/gcc/arm-none-eabi/12.2.0/../../../../arm-none-eabi/lib\libg.a(lib_a-mallocr.o)
                0x0000000002004ef8                __malloc_av_
 .data._impure_ptr
                0x0000000002005300        0x4 c:/devkitpro/devkitarm/bin/../lib/gcc/arm-none-eabi/12.2.0/../../../../arm-none-eabi/lib\libg.a(lib_a-impure.o)
                0x0000000002005300                _impure_ptr
 *fill*         0x0000000002005304        0x4 ff
 .data.impure_data
                0x0000000002005308      0x460 c:/devkitpro/devkitarm/bin/../lib/gcc/arm-none-eabi/12.2.0/../../../../arm-none-eabi/lib\libg.a(lib_a-impure.o)
 *(EXCLUDE_FILE(*.twl*) .gnu.linkonce.d*)
                0x0000000002005768                . = ALIGN (0x4)
                0x0000000002005768                __data_end = ABSOLUTE (.)
                0x0000000002005768                __bss_vma = .

.igot.plt       0x0000000002005768        0x0
 .igot.plt      0x0000000002005768        0x0 c:/devkitpro/devkitarm/bin/../lib/gcc/arm-none-eabi/12.2.0/../../../../arm-none-eabi/lib/ds_arm9_crt0.o

.dtcm           0x0000000002ff0000        0x0 load address 0x0000000002005768
                0x0000000002005768                __dtcm_lma = LOADADDR (.dtcm)
                0x0000000002ff0000                __dtcm_start = ABSOLUTE (.)
 *(.dtcm)
 *(.dtcm.*)
                0x0000000002ff0000                . = ALIGN (0x4)
                0x0000000002ff0000                __dtcm_end = ABSOLUTE (.)

.itcm           0x0000000001000100      0x194 load address 0x0000000002005768
                0x0000000002005768                __itcm_lma = LOADADDR (.itcm)
                0x0000000001000100                __itcm_start = ABSOLUTE (.)
 *(.itcm)
 .itcm          0x0000000001000100       0xc8 C:/devkitPro/libnds/lib\libnds9.a(interrupts.o)
                0x0000000001000100                irqTable
 .itcm          0x00000000010001c8       0xcc C:/devkitPro/libnds/lib\libnds9.a(interruptDispatcher.o)
                0x00000000010001c8                IntrMain
 *.itcm*(.text .stub .text.*)
                0x0000000001000294                . = ALIGN (0x4)
                0x0000000001000294                __itcm_end = ABSOLUTE (.)

.vectors        0x0000000001000000        0x0 load address 0x00000000020058fc
                0x00000000020058fc                __vectors_lma = LOADADDR (.vectors)
                0x0000000001000000                __vectors_start = ABSOLUTE (.)
 *(.vectors .vectors.*)
                0x0000000001000000                . = ALIGN (0x4)
                0x0000000001000000                __vectors_end = ABSOLUTE (.)

.sbss           0x0000000002ff0000        0x0
                0x0000000002ff0000                __sbss_start = ABSOLUTE (.)
                0x0000000002ff0000                __sbss_start__ = ABSOLUTE (.)
 *(.sbss)
                0x0000000002ff0000                . = ALIGN (0x4)
                0x0000000002ff0000                __sbss_end = ABSOLUTE (.)

.bss            0x0000000002005768     0x1744
                0x0000000002005768                __bss_start = ABSOLUTE (.)
                0x0000000002005768                __bss_start__ = ABSOLUTE (.)
 *(EXCLUDE_FILE(*.twl*) .dynbss)
 *(EXCLUDE_FILE(*.twl*) .gnu.linkonce.b*)
 *(EXCLUDE_FILE(*.twl*) .bss*)
 .bss.completed.1
                0x0000000002005768        0x1 c:/devkitpro/devkitarm/bin/../lib/gcc/arm-none-eabi/12.2.0/crtbegin.o
 *fill*         0x0000000002005769        0x3 
 .bss.object.0  0x000000000200576c       0x18 c:/devkitpro/devkitarm/bin/../lib/gcc/arm-none-eabi/12.2.0/crtbegin.o
 *fill*         0x0000000002005784        0x4 
 .bss           0x0000000002005788      0x488 main.o
                0x0000000002005788                Player
                0x00000000020057c0                PlayerHat
                0x00000000020057f8                PlayerBounds
                0x0000000002005810                OAMCopy
 .bss.OamMemory
                0x0000000002005c10      0x400 C:/devkitPro/libnds/lib\libnds9.a(sprite.o)
                0x0000000002005c10                OamMemory
 .bss.OamMemorySub
                0x0000000002006010      0x400 C:/devkitPro/libnds/lib\libnds9.a(sprite.o)
                0x0000000002006010                OamMemorySub
 .bss.__dsimode
                0x0000000002006410        0x1 C:/devkitPro/libnds/lib\libnds9.a(initSystem.o)
                0x0000000002006410                __dsimode
 *fill*         0x0000000002006411        0x3 
 .bss.punixTime
                0x0000000002006414        0x4 C:/devkitPro/libnds/lib\libnds9.a(initSystem.o)
                0x0000000002006414                punixTime
 .bss.fifo_address_data
                0x0000000002006418       0x40 C:/devkitPro/libnds/lib\libnds9.a(fifosystem.o)
                0x0000000002006418                fifo_address_data
 .bss.fifo_address_func
                0x0000000002006458       0x40 C:/devkitPro/libnds/lib\libnds9.a(fifosystem.o)
                0x0000000002006458                fifo_address_func
 .bss.fifo_address_queue
                0x0000000002006498       0x40 C:/devkitPro/libnds/lib\libnds9.a(fifosystem.o)
                0x0000000002006498                fifo_address_queue
 .bss.fifo_buffer
                0x00000000020064d8      0x800 C:/devkitPro/libnds/lib\libnds9.a(fifosystem.o)
                0x00000000020064d8                fifo_buffer
 .bss.fifo_data_queue
                0x0000000002006cd8       0x40 C:/devkitPro/libnds/lib\libnds9.a(fifosystem.o)
                0x0000000002006cd8                fifo_data_queue
 .bss.fifo_datamsg_data
                0x0000000002006d18       0x40 C:/devkitPro/libnds/lib\libnds9.a(fifosystem.o)
                0x0000000002006d18                fifo_datamsg_data
 .bss.fifo_datamsg_func
                0x0000000002006d58       0x40 C:/devkitPro/libnds/lib\libnds9.a(fifosystem.o)
                0x0000000002006d58                fifo_datamsg_func
 .bss.fifo_value32_data
                0x0000000002006d98       0x40 C:/devkitPro/libnds/lib\libnds9.a(fifosystem.o)
                0x0000000002006d98                fifo_value32_data
 .bss.fifo_value32_func
                0x0000000002006dd8       0x40 C:/devkitPro/libnds/lib\libnds9.a(fifosystem.o)
                0x0000000002006dd8                fifo_value32_func
 .bss.fifo_value32_queue
                0x0000000002006e18       0x40 C:/devkitPro/libnds/lib\libnds9.a(fifosystem.o)
                0x0000000002006e18                fifo_value32_queue
 .bss.processing
                0x0000000002006e58        0x4 C:/devkitPro/libnds/lib\libnds9.a(fifosystem.o)
                0x0000000002006e58                processing
 .bss.SDcallback
                0x0000000002006e5c        0x4 C:/devkitPro/libnds/lib\libnds9.a(system.o)
 .bss.__malloc_current_mallinfo
                0x0000000002006e60       0x28 c:/devkitpro/devkitarm/bin/../lib/gcc/arm-none-eabi/12.2.0/../../../../arm-none-eabi/lib\libg.a(lib_a-mallocr.o)
                0x0000000002006e60                __malloc_current_mallinfo
 .bss.__malloc_max_total_mem
                0x0000000002006e88        0x4 c:/devkitpro/devkitarm/bin/../lib/gcc/arm-none-eabi/12.2.0/../../../../arm-none-eabi/lib\libg.a(lib_a-mallocr.o)
                0x0000000002006e88                __malloc_max_total_mem
 .bss.__malloc_max_sbrked_mem
                0x0000000002006e8c        0x4 c:/devkitpro/devkitarm/bin/../lib/gcc/arm-none-eabi/12.2.0/../../../../arm-none-eabi/lib\libg.a(lib_a-mallocr.o)
                0x0000000002006e8c                __malloc_max_sbrked_mem
 .bss.__malloc_top_pad
                0x0000000002006e90        0x4 c:/devkitpro/devkitarm/bin/../lib/gcc/arm-none-eabi/12.2.0/../../../../arm-none-eabi/lib\libg.a(lib_a-mallocr.o)
                0x0000000002006e90                __malloc_top_pad
 .bss.__malloc_recursive_mutex
                0x0000000002006e94        0xc c:/devkitpro/devkitarm/bin/../lib/gcc/arm-none-eabi/12.2.0/../../../../arm-none-eabi/lib\libg.a(lib_a-mlock.o)
 .bss.heap_start.0
                0x0000000002006ea0        0x4 c:/devkitpro/devkitarm/bin/../lib/gcc/arm-none-eabi/12.2.0/../../../../arm-none-eabi/lib\libsysbase.a(sbrk.o)
 .bss.fake_heap_start
                0x0000000002006ea4        0x4 c:/devkitpro/devkitarm/bin/../lib/gcc/arm-none-eabi/12.2.0/../../../../arm-none-eabi/lib\libsysbase.a(malloc_vars.o)
                0x0000000002006ea4                fake_heap_start
 .bss.fake_heap_end
                0x0000000002006ea8        0x4 c:/devkitpro/devkitarm/bin/../lib/gcc/arm-none-eabi/12.2.0/../../../../arm-none-eabi/lib\libsysbase.a(malloc_vars.o)
                0x0000000002006ea8                fake_heap_end
 *(EXCLUDE_FILE(*.twl*) COMMON)
                0x0000000002006eac                . = ALIGN (0x4)
                0x0000000002006eac                __bss_end__ = ABSOLUTE (.)
                0x0000000002006eac                __end__ = ABSOLUTE (.)

.twl            0x0000000002006eac        0x0 load address 0x0000000002400000
                0x0000000002400000                __arm9i_lma__ = LOADADDR (.twl)
                0x0000000002006eac                __arm9i_start__ = ABSOLUTE (.)
 *(.twl)
 *.twl*(.text .stub .text.* .gnu.linkonce.t.*)
 *.twl*(.rodata)
 *.twl*(.roda)
 *.twl*(.rodata.*)
 *.twl*(.data)
 *.twl*(.data.*)
 *.twl*(.gnu.linkonce.d*)
                0x0000000002006eac                __arm9i_end__ = ABSOLUTE (.)

.twl_bss        0x0000000002006eac        0x0
                0x0000000002006eac                __twl_bss_start__ = ABSOLUTE (.)
 *(.twl_bss)
 *.twl*(.dynbss)
 *.twl*(.gnu.linkonce.b*)
 *.twl*(.bss*)
 *.twl*(COMMON)
                0x0000000002006eac                . = ALIGN (0x4)
                0x0000000002006eac                __twl_bss_end__ = ABSOLUTE (.)
                0x0000000002006eac                __twl_end__ = ABSOLUTE (.)

.stab
 *(.stab)

.stabstr
 *(.stabstr)

.stab.excl
 *(.stab.excl)

.stab.exclstr
 *(.stab.exclstr)

.stab.index
 *(.stab.index)

.stab.indexstr
 *(.stab.indexstr)

.comment        0x0000000000000000       0x46
 *(.comment)
 .comment       0x0000000000000000       0x23 c:/devkitpro/devkitarm/bin/../lib/gcc/arm-none-eabi/12.2.0/crtbegin.o
                                         0x24 (size before relaxing)
 .comment       0x0000000000000023       0x24 main.o
 .comment       0x0000000000000023       0x23 C:/devkitPro/libnds/lib\libnds9.a(sprite_alloc.o)
                                         0x24 (size before relaxing)
 .comment       0x0000000000000046       0x24 C:/devkitPro/libnds/lib\libnds9.a(sprite.o)
 .comment       0x0000000000000046       0x24 C:/devkitPro/libnds/lib\libnds9.a(initSystem.o)
 .comment       0x0000000000000046       0x24 C:/devkitPro/libnds/lib\libnds9.a(securearea.o)
 .comment       0x0000000000000046       0x24 C:/devkitPro/libnds/lib\libnds9.a(interrupts.o)
 .comment       0x0000000000000046       0x24 C:/devkitPro/libnds/lib\libnds9.a(libnds_exit.arm.o)
 .comment       0x0000000000000046       0x24 C:/devkitPro/libnds/lib\libnds9.a(fifosystem.o)
 .comment       0x0000000000000046       0x24 C:/devkitPro/libnds/lib\libnds9.a(video.o)
 .comment       0x0000000000000046       0x24 C:/devkitPro/libnds/lib\libnds9.a(system.o)
 .comment       0x0000000000000046       0x24 c:/devkitpro/devkitarm/bin/../lib/gcc/arm-none-eabi/12.2.0/../../../../arm-none-eabi/lib\libg.a(lib_a-init.o)
 .comment       0x0000000000000046       0x24 c:/devkitpro/devkitarm/bin/../lib/gcc/arm-none-eabi/12.2.0/../../../../arm-none-eabi/lib\libg.a(lib_a-malloc.o)
 .comment       0x0000000000000046       0x24 c:/devkitpro/devkitarm/bin/../lib/gcc/arm-none-eabi/12.2.0/../../../../arm-none-eabi/lib\libg.a(lib_a-mallocr.o)
 .comment       0x0000000000000046       0x24 c:/devkitpro/devkitarm/bin/../lib/gcc/arm-none-eabi/12.2.0/../../../../arm-none-eabi/lib\libg.a(lib_a-memcpy-stub.o)
 .comment       0x0000000000000046       0x24 c:/devkitpro/devkitarm/bin/../lib/gcc/arm-none-eabi/12.2.0/../../../../arm-none-eabi/lib\libg.a(lib_a-mlock.o)
 .comment       0x0000000000000046       0x24 c:/devkitpro/devkitarm/bin/../lib/gcc/arm-none-eabi/12.2.0/../../../../arm-none-eabi/lib\libg.a(lib_a-realloc.o)
 .comment       0x0000000000000046       0x24 c:/devkitpro/devkitarm/bin/../lib/gcc/arm-none-eabi/12.2.0/../../../../arm-none-eabi/lib\libg.a(lib_a-reallocr.o)
 .comment       0x0000000000000046       0x24 c:/devkitpro/devkitarm/bin/../lib/gcc/arm-none-eabi/12.2.0/../../../../arm-none-eabi/lib\libg.a(lib_a-freer.o)
 .comment       0x0000000000000046       0x24 c:/devkitpro/devkitarm/bin/../lib/gcc/arm-none-eabi/12.2.0/../../../../arm-none-eabi/lib\libg.a(lib_a-memmove.o)
 .comment       0x0000000000000046       0x24 c:/devkitpro/devkitarm/bin/../lib/gcc/arm-none-eabi/12.2.0/../../../../arm-none-eabi/lib\libsysbase.a(sbrk.o)
 .comment       0x0000000000000046       0x24 c:/devkitpro/devkitarm/bin/../lib/gcc/arm-none-eabi/12.2.0/../../../../arm-none-eabi/lib\libsysbase.a(malloc_vars.o)
 .comment       0x0000000000000046       0x24 c:/devkitpro/devkitarm/bin/../lib/gcc/arm-none-eabi/12.2.0/../../../../arm-none-eabi/lib\libsysbase.a(build_argv.o)
 .comment       0x0000000000000046       0x24 c:/devkitpro/devkitarm/bin/../lib/gcc/arm-none-eabi/12.2.0/../../../../arm-none-eabi/lib\libsysbase.a(getreent.o)
 .comment       0x0000000000000046       0x24 c:/devkitpro/devkitarm/bin/../lib/gcc/arm-none-eabi/12.2.0/../../../../arm-none-eabi/lib\libsysbase.a(syscall_support.o)
 .comment       0x0000000000000046       0x24 c:/devkitpro/devkitarm/bin/../lib/gcc/arm-none-eabi/12.2.0/../../../../arm-none-eabi/lib\libg.a(lib_a-impure.o)
 .comment       0x0000000000000046       0x24 c:/devkitpro/devkitarm/bin/../lib/gcc/arm-none-eabi/12.2.0/crtend.o

.ARM.attributes
                0x0000000000000000       0x2d
 .ARM.attributes
                0x0000000000000000       0x21 c:/devkitpro/devkitarm/bin/../lib/gcc/arm-none-eabi/12.2.0/../../../../arm-none-eabi/lib/ds_arm9_crt0.o
 .ARM.attributes
                0x0000000000000021       0x1c c:/devkitpro/devkitarm/bin/../lib/gcc/arm-none-eabi/12.2.0/crti.o
 .ARM.attributes
                0x000000000000003d       0x2a c:/devkitpro/devkitarm/bin/../lib/gcc/arm-none-eabi/12.2.0/crtbegin.o
 .ARM.attributes
                0x0000000000000067       0x1b Player.o
 .ARM.attributes
                0x0000000000000082       0x1b PlayerHat.o
 .ARM.attributes
                0x000000000000009d       0x2b main.o
 .ARM.attributes
                0x00000000000000c8       0x2b C:/devkitPro/libnds/lib\libnds9.a(sprite_alloc.o)
 .ARM.attributes
                0x00000000000000f3       0x2b C:/devkitPro/libnds/lib\libnds9.a(sprite.o)
 .ARM.attributes
                0x000000000000011e       0x2b C:/devkitPro/libnds/lib\libnds9.a(initSystem.o)
 .ARM.attributes
                0x0000000000000149       0x2b C:/devkitPro/libnds/lib\libnds9.a(securearea.o)
 .ARM.attributes
                0x0000000000000174       0x2b C:/devkitPro/libnds/lib\libnds9.a(interrupts.o)
 .ARM.attributes
                0x000000000000019f       0x2b C:/devkitPro/libnds/lib\libnds9.a(libnds_exit.arm.o)
 .ARM.attributes
                0x00000000000001ca       0x2b C:/devkitPro/libnds/lib\libnds9.a(fifosystem.o)
 .ARM.attributes
                0x00000000000001f5       0x1b C:/devkitPro/libnds/lib\libnds9.a(dcache.o)
 .ARM.attributes
                0x0000000000000210       0x21 C:/devkitPro/libnds/lib\libnds9.a(mpu_setup.o)
 .ARM.attributes
                0x0000000000000231       0x21 C:/devkitPro/libnds/lib\libnds9.a(IntrWait.o)
 .ARM.attributes
                0x0000000000000252       0x21 C:/devkitPro/libnds/lib\libnds9.a(cpu_clock.o)
 .ARM.attributes
                0x0000000000000273       0x1b C:/devkitPro/libnds/lib\libnds9.a(interruptDispatcher.o)
 .ARM.attributes
                0x000000000000028e       0x21 C:/devkitPro/libnds/lib\libnds9.a(swiSoftReset.o)
 .ARM.attributes
                0x00000000000002af       0x2b C:/devkitPro/libnds/lib\libnds9.a(video.o)
 .ARM.attributes
                0x00000000000002da       0x2b C:/devkitPro/libnds/lib\libnds9.a(system.o)
 .ARM.attributes
                0x0000000000000305       0x1b C:/devkitPro/libnds/lib\libnds9.a(biosCalls.o)
 .ARM.attributes
                0x0000000000000320       0x2a c:/devkitpro/devkitarm/bin/../lib/gcc/arm-none-eabi/12.2.0/../../../../arm-none-eabi/lib\libg.a(lib_a-init.o)
 .ARM.attributes
                0x000000000000034a       0x2a c:/devkitpro/devkitarm/bin/../lib/gcc/arm-none-eabi/12.2.0/../../../../arm-none-eabi/lib\libg.a(lib_a-malloc.o)
 .ARM.attributes
                0x0000000000000374       0x2a c:/devkitpro/devkitarm/bin/../lib/gcc/arm-none-eabi/12.2.0/../../../../arm-none-eabi/lib\libg.a(lib_a-mallocr.o)
 .ARM.attributes
                0x000000000000039e       0x2a c:/devkitpro/devkitarm/bin/../lib/gcc/arm-none-eabi/12.2.0/../../../../arm-none-eabi/lib\libg.a(lib_a-memcpy-stub.o)
 .ARM.attributes
                0x00000000000003c8       0x2a c:/devkitpro/devkitarm/bin/../lib/gcc/arm-none-eabi/12.2.0/../../../../arm-none-eabi/lib\libg.a(lib_a-mlock.o)
 .ARM.attributes
                0x00000000000003f2       0x2a c:/devkitpro/devkitarm/bin/../lib/gcc/arm-none-eabi/12.2.0/../../../../arm-none-eabi/lib\libg.a(lib_a-realloc.o)
 .ARM.attributes
                0x000000000000041c       0x2a c:/devkitpro/devkitarm/bin/../lib/gcc/arm-none-eabi/12.2.0/../../../../arm-none-eabi/lib\libg.a(lib_a-reallocr.o)
 .ARM.attributes
                0x0000000000000446       0x2a c:/devkitpro/devkitarm/bin/../lib/gcc/arm-none-eabi/12.2.0/../../../../arm-none-eabi/lib\libg.a(lib_a-freer.o)
 .ARM.attributes
                0x0000000000000470       0x2a c:/devkitpro/devkitarm/bin/../lib/gcc/arm-none-eabi/12.2.0/../../../../arm-none-eabi/lib\libg.a(lib_a-memmove.o)
 .ARM.attributes
                0x000000000000049a       0x2a c:/devkitpro/devkitarm/bin/../lib/gcc/arm-none-eabi/12.2.0/../../../../arm-none-eabi/lib\libsysbase.a(sbrk.o)
 .ARM.attributes
                0x00000000000004c4       0x2a c:/devkitpro/devkitarm/bin/../lib/gcc/arm-none-eabi/12.2.0/../../../../arm-none-eabi/lib\libsysbase.a(malloc_vars.o)
 .ARM.attributes
                0x00000000000004ee       0x2a c:/devkitpro/devkitarm/bin/../lib/gcc/arm-none-eabi/12.2.0/../../../../arm-none-eabi/lib\libsysbase.a(build_argv.o)
 .ARM.attributes
                0x0000000000000518       0x2a c:/devkitpro/devkitarm/bin/../lib/gcc/arm-none-eabi/12.2.0/../../../../arm-none-eabi/lib\libsysbase.a(getreent.o)
 .ARM.attributes
                0x0000000000000542       0x2a c:/devkitpro/devkitarm/bin/../lib/gcc/arm-none-eabi/12.2.0/../../../../arm-none-eabi/lib\libsysbase.a(syscall_support.o)
 .ARM.attributes
                0x000000000000056c       0x2a c:/devkitpro/devkitarm/bin/../lib/gcc/arm-none-eabi/12.2.0/../../../../arm-none-eabi/lib\libg.a(lib_a-impure.o)
 .ARM.attributes
                0x0000000000000596       0x2a c:/devkitpro/devkitarm/bin/../lib/gcc/arm-none-eabi/12.2.0/crtend.o
 .ARM.attributes
                0x00000000000005c0       0x1c c:/devkitpro/devkitarm/bin/../lib/gcc/arm-none-eabi/12.2.0/crtn.o

.debug
 *(.debug)

.line
 *(.line)

.debug_srcinfo
 *(.debug_srcinfo)

.debug_sfnames
 *(.debug_sfnames)

.debug_aranges  0x0000000000000000      0x4a0
 *(.debug_aranges)
 .debug_aranges
                0x0000000000000000       0x30 main.o
 .debug_aranges
                0x0000000000000030       0x38 C:/devkitPro/libnds/lib\libnds9.a(sprite_alloc.o)
 .debug_aranges
                0x0000000000000068       0x60 C:/devkitPro/libnds/lib\libnds9.a(sprite.o)
 .debug_aranges
                0x00000000000000c8       0x30 C:/devkitPro/libnds/lib\libnds9.a(initSystem.o)
 .debug_aranges
                0x00000000000000f8       0x18 C:/devkitPro/libnds/lib\libnds9.a(securearea.o)
 .debug_aranges
                0x0000000000000110       0x50 C:/devkitPro/libnds/lib\libnds9.a(interrupts.o)
 .debug_aranges
                0x0000000000000160       0x28 C:/devkitPro/libnds/lib\libnds9.a(libnds_exit.arm.o)
 .debug_aranges
                0x0000000000000188       0xb0 C:/devkitPro/libnds/lib\libnds9.a(fifosystem.o)
 .debug_aranges
                0x0000000000000238       0x38 C:/devkitPro/libnds/lib\libnds9.a(dcache.o)
 .debug_aranges
                0x0000000000000270       0x30 C:/devkitPro/libnds/lib\libnds9.a(mpu_setup.o)
 .debug_aranges
                0x00000000000002a0       0x28 C:/devkitPro/libnds/lib\libnds9.a(IntrWait.o)
 .debug_aranges
                0x00000000000002c8       0x20 C:/devkitPro/libnds/lib\libnds9.a(cpu_clock.o)
 .debug_aranges
                0x00000000000002e8       0x20 C:/devkitPro/libnds/lib\libnds9.a(interruptDispatcher.o)
 .debug_aranges
                0x0000000000000308       0x20 C:/devkitPro/libnds/lib\libnds9.a(swiSoftReset.o)
 .debug_aranges
                0x0000000000000328       0x48 C:/devkitPro/libnds/lib\libnds9.a(video.o)
 .debug_aranges
                0x0000000000000370       0x68 C:/devkitPro/libnds/lib\libnds9.a(system.o)
 .debug_aranges
                0x00000000000003d8       0xc8 C:/devkitPro/libnds/lib\libnds9.a(biosCalls.o)

.debug_pubnames
 *(.debug_pubnames)

.debug_info     0x0000000000000000     0x90da
 *(.debug_info)
 .debug_info    0x0000000000000000     0x205f main.o
 .debug_info    0x000000000000205f     0x1cb1 C:/devkitPro/libnds/lib\libnds9.a(sprite_alloc.o)
 .debug_info    0x0000000000003d10      0xd00 C:/devkitPro/libnds/lib\libnds9.a(sprite.o)
 .debug_info    0x0000000000004a10     0x113e C:/devkitPro/libnds/lib\libnds9.a(initSystem.o)
 .debug_info    0x0000000000005b4e       0x5a C:/devkitPro/libnds/lib\libnds9.a(securearea.o)
 .debug_info    0x0000000000005ba8      0x68d C:/devkitPro/libnds/lib\libnds9.a(interrupts.o)
 .debug_info    0x0000000000006235      0x367 C:/devkitPro/libnds/lib\libnds9.a(libnds_exit.arm.o)
 .debug_info    0x000000000000659c     0x183f C:/devkitPro/libnds/lib\libnds9.a(fifosystem.o)
 .debug_info    0x0000000000007ddb       0x23 C:/devkitPro/libnds/lib\libnds9.a(dcache.o)
 .debug_info    0x0000000000007dfe       0x23 C:/devkitPro/libnds/lib\libnds9.a(mpu_setup.o)
 .debug_info    0x0000000000007e21       0x23 C:/devkitPro/libnds/lib\libnds9.a(IntrWait.o)
 .debug_info    0x0000000000007e44       0x24 C:/devkitPro/libnds/lib\libnds9.a(cpu_clock.o)
 .debug_info    0x0000000000007e68       0x25 C:/devkitPro/libnds/lib\libnds9.a(interruptDispatcher.o)
 .debug_info    0x0000000000007e8d       0x24 C:/devkitPro/libnds/lib\libnds9.a(swiSoftReset.o)
 .debug_info    0x0000000000007eb1      0x790 C:/devkitPro/libnds/lib\libnds9.a(video.o)
 .debug_info    0x0000000000008641      0xa76 C:/devkitPro/libnds/lib\libnds9.a(system.o)
 .debug_info    0x00000000000090b7       0x23 C:/devkitPro/libnds/lib\libnds9.a(biosCalls.o)

.debug_abbrev   0x0000000000000000     0x1fd2
 *(.debug_abbrev)
 .debug_abbrev  0x0000000000000000      0x4e6 main.o
 .debug_abbrev  0x00000000000004e6      0x3b5 C:/devkitPro/libnds/lib\libnds9.a(sprite_alloc.o)
 .debug_abbrev  0x000000000000089b      0x3de C:/devkitPro/libnds/lib\libnds9.a(sprite.o)
 .debug_abbrev  0x0000000000000c79      0x3e1 C:/devkitPro/libnds/lib\libnds9.a(initSystem.o)
 .debug_abbrev  0x000000000000105a       0x47 C:/devkitPro/libnds/lib\libnds9.a(securearea.o)
 .debug_abbrev  0x00000000000010a1      0x2da C:/devkitPro/libnds/lib\libnds9.a(interrupts.o)
 .debug_abbrev  0x000000000000137b      0x1ad C:/devkitPro/libnds/lib\libnds9.a(libnds_exit.arm.o)
 .debug_abbrev  0x0000000000001528      0x4bb C:/devkitPro/libnds/lib\libnds9.a(fifosystem.o)
 .debug_abbrev  0x00000000000019e3       0x12 C:/devkitPro/libnds/lib\libnds9.a(dcache.o)
 .debug_abbrev  0x00000000000019f5       0x12 C:/devkitPro/libnds/lib\libnds9.a(mpu_setup.o)
 .debug_abbrev  0x0000000000001a07       0x12 C:/devkitPro/libnds/lib\libnds9.a(IntrWait.o)
 .debug_abbrev  0x0000000000001a19       0x14 C:/devkitPro/libnds/lib\libnds9.a(cpu_clock.o)
 .debug_abbrev  0x0000000000001a2d       0x14 C:/devkitPro/libnds/lib\libnds9.a(interruptDispatcher.o)
 .debug_abbrev  0x0000000000001a41       0x14 C:/devkitPro/libnds/lib\libnds9.a(swiSoftReset.o)
 .debug_abbrev  0x0000000000001a55      0x24c C:/devkitPro/libnds/lib\libnds9.a(video.o)
 .debug_abbrev  0x0000000000001ca1      0x31f C:/devkitPro/libnds/lib\libnds9.a(system.o)
 .debug_abbrev  0x0000000000001fc0       0x12 C:/devkitPro/libnds/lib\libnds9.a(biosCalls.o)

.debug_line     0x0000000000000000     0x57bc
 *(.debug_line)
 .debug_line    0x0000000000000000      0x830 main.o
 .debug_line    0x0000000000000830     0x1736 C:/devkitPro/libnds/lib\libnds9.a(sprite_alloc.o)
 .debug_line    0x0000000000001f66      0x74e C:/devkitPro/libnds/lib\libnds9.a(sprite.o)
 .debug_line    0x00000000000026b4      0x597 C:/devkitPro/libnds/lib\libnds9.a(initSystem.o)
 .debug_line    0x0000000000002c4b       0x8f C:/devkitPro/libnds/lib\libnds9.a(securearea.o)
 .debug_line    0x0000000000002cda      0x54c C:/devkitPro/libnds/lib\libnds9.a(interrupts.o)
 .debug_line    0x0000000000003226      0x23b C:/devkitPro/libnds/lib\libnds9.a(libnds_exit.arm.o)
 .debug_line    0x0000000000003461     0x14f5 C:/devkitPro/libnds/lib\libnds9.a(fifosystem.o)
 .debug_line    0x0000000000004956       0x96 C:/devkitPro/libnds/lib\libnds9.a(dcache.o)
 .debug_line    0x00000000000049ec       0xe8 C:/devkitPro/libnds/lib\libnds9.a(mpu_setup.o)
 .debug_line    0x0000000000004ad4       0x74 C:/devkitPro/libnds/lib\libnds9.a(IntrWait.o)
 .debug_line    0x0000000000004b48       0x5c C:/devkitPro/libnds/lib\libnds9.a(cpu_clock.o)
 .debug_line    0x0000000000004ba4       0x80 C:/devkitPro/libnds/lib\libnds9.a(interruptDispatcher.o)
 .debug_line    0x0000000000004c24       0x57 C:/devkitPro/libnds/lib\libnds9.a(swiSoftReset.o)
 .debug_line    0x0000000000004c7b      0x4b5 C:/devkitPro/libnds/lib\libnds9.a(video.o)
 .debug_line    0x0000000000005130      0x4dc C:/devkitPro/libnds/lib\libnds9.a(system.o)
 .debug_line    0x000000000000560c      0x1b0 C:/devkitPro/libnds/lib\libnds9.a(biosCalls.o)

.debug_frame    0x0000000000000000      0x798
 *(.debug_frame)
 .debug_frame   0x0000000000000000       0x8c main.o
 .debug_frame   0x000000000000008c       0x9c C:/devkitPro/libnds/lib\libnds9.a(sprite_alloc.o)
 .debug_frame   0x0000000000000128       0xf0 C:/devkitPro/libnds/lib\libnds9.a(sprite.o)
 .debug_frame   0x0000000000000218       0x5c C:/devkitPro/libnds/lib\libnds9.a(initSystem.o)
 .debug_frame   0x0000000000000274       0xa4 C:/devkitPro/libnds/lib\libnds9.a(interrupts.o)
 .debug_frame   0x0000000000000318       0x38 C:/devkitPro/libnds/lib\libnds9.a(libnds_exit.arm.o)
 .debug_frame   0x0000000000000350      0x294 C:/devkitPro/libnds/lib\libnds9.a(fifosystem.o)
 .debug_frame   0x00000000000005e4       0xbc C:/devkitPro/libnds/lib\libnds9.a(video.o)
 .debug_frame   0x00000000000006a0       0xf8 C:/devkitPro/libnds/lib\libnds9.a(system.o)

.debug_str      0x0000000000000000     0x3041
 *(.debug_str)
 .debug_str     0x0000000000000000     0x1229 main.o
                                       0x14c8 (size before relaxing)
 .debug_str     0x0000000000001229      0x239 C:/devkitPro/libnds/lib\libnds9.a(sprite_alloc.o)
                                        0x7de (size before relaxing)
 .debug_str     0x0000000000001462      0x173 C:/devkitPro/libnds/lib\libnds9.a(sprite.o)
                                        0x870 (size before relaxing)
 .debug_str     0x00000000000015d5      0x835 C:/devkitPro/libnds/lib\libnds9.a(initSystem.o)
                                        0xb81 (size before relaxing)
 .debug_str     0x0000000000001e0a       0x7f C:/devkitPro/libnds/lib\libnds9.a(securearea.o)
                                        0x16e (size before relaxing)
 .debug_str     0x0000000000001e89      0x1a4 C:/devkitPro/libnds/lib\libnds9.a(interrupts.o)
                                        0x496 (size before relaxing)
 .debug_str     0x000000000000202d      0x1cd C:/devkitPro/libnds/lib\libnds9.a(libnds_exit.arm.o)
                                        0x3e5 (size before relaxing)
 .debug_str     0x00000000000021fa      0x481 C:/devkitPro/libnds/lib\libnds9.a(fifosystem.o)
                                        0x8a9 (size before relaxing)
 .debug_str     0x000000000000267b       0x15 C:/devkitPro/libnds/lib\libnds9.a(dcache.o)
                                         0x69 (size before relaxing)
 .debug_str     0x0000000000002690        0xc C:/devkitPro/libnds/lib\libnds9.a(mpu_setup.o)
                                         0x6c (size before relaxing)
 .debug_str     0x000000000000269c        0xb C:/devkitPro/libnds/lib\libnds9.a(IntrWait.o)
                                         0x6b (size before relaxing)
 .debug_str     0x00000000000026a7        0xc C:/devkitPro/libnds/lib\libnds9.a(cpu_clock.o)
                                         0x6c (size before relaxing)
 .debug_str     0x00000000000026b3       0x16 C:/devkitPro/libnds/lib\libnds9.a(interruptDispatcher.o)
                                         0x76 (size before relaxing)
 .debug_str     0x00000000000026c9        0xf C:/devkitPro/libnds/lib\libnds9.a(swiSoftReset.o)
                                         0x6f (size before relaxing)
 .debug_str     0x00000000000026d8      0x5ed C:/devkitPro/libnds/lib\libnds9.a(video.o)
                                        0xc53 (size before relaxing)
 .debug_str     0x0000000000002cc5      0x370 C:/devkitPro/libnds/lib\libnds9.a(system.o)
                                        0x798 (size before relaxing)
 .debug_str     0x0000000000003035        0xc C:/devkitPro/libnds/lib\libnds9.a(biosCalls.o)
                                         0x6c (size before relaxing)

.debug_loc
 *(.debug_loc)

.debug_macinfo
 *(.debug_macinfo)

.debug_weaknames
 *(.debug_weaknames)

.debug_funcnames
 *(.debug_funcnames)

.debug_typenames
 *(.debug_typenames)

.debug_varnames
 *(.debug_varnames)

.stack          0x0000000000080000        0x0
                0x0000000000080000                _stack = .
 *(.stack)
LOAD c:/devkitpro/devkitarm/bin/../lib/gcc/arm-none-eabi/12.2.0/../../../../arm-none-eabi/lib/ds_arm9_crt0.o
LOAD c:/devkitpro/devkitarm/bin/../lib/gcc/arm-none-eabi/12.2.0/crti.o
LOAD c:/devkitpro/devkitarm/bin/../lib/gcc/arm-none-eabi/12.2.0/crtbegin.o
LOAD ball.o
LOAD Player.o
LOAD PlayerHat.o
LOAD soundbank.bin.o
LOAD main.o
LOAD C:/devkitPro/libnds/lib\libmm9.a
LOAD C:/devkitPro/libnds/lib\libnds9.a
LOAD c:/devkitpro/devkitarm/bin/../lib/gcc/arm-none-eabi/12.2.0/../../../../arm-none-eabi/lib\libstdc++.a
LOAD c:/devkitpro/devkitarm/bin/../lib/gcc/arm-none-eabi/12.2.0/../../../../arm-none-eabi/lib\libm.a
START GROUP
LOAD c:/devkitpro/devkitarm/bin/../lib/gcc/arm-none-eabi/12.2.0\libgcc.a
LOAD c:/devkitpro/devkitarm/bin/../lib/gcc/arm-none-eabi/12.2.0/../../../../arm-none-eabi/lib\libg.a
LOAD c:/devkitpro/devkitarm/bin/../lib/gcc/arm-none-eabi/12.2.0/../../../../arm-none-eabi/lib\libc.a
LOAD c:/devkitpro/devkitarm/bin/../lib/gcc/arm-none-eabi/12.2.0/../../../../arm-none-eabi/lib\libsysbase.a
END GROUP
LOAD c:/devkitpro/devkitarm/bin/../lib/gcc/arm-none-eabi/12.2.0/crtend.o
LOAD c:/devkitpro/devkitarm/bin/../lib/gcc/arm-none-eabi/12.2.0/crtn.o
OUTPUT(D:/Repos/Christian-NDS-Game/Christian-NDS-Game.elf elf32-littlearm)
LOAD linker stubs

.debug_loclists
                0x0000000000000000     0x307a
 .debug_loclists
                0x0000000000000000      0x4d4 main.o
 .debug_loclists
                0x00000000000004d4     0x121a C:/devkitPro/libnds/lib\libnds9.a(sprite_alloc.o)
 .debug_loclists
                0x00000000000016ee      0x5a6 C:/devkitPro/libnds/lib\libnds9.a(sprite.o)
 .debug_loclists
                0x0000000000001c94       0xc5 C:/devkitPro/libnds/lib\libnds9.a(initSystem.o)
 .debug_loclists
                0x0000000000001d59      0x1a5 C:/devkitPro/libnds/lib\libnds9.a(interrupts.o)
 .debug_loclists
                0x0000000000001efe       0x48 C:/devkitPro/libnds/lib\libnds9.a(libnds_exit.arm.o)
 .debug_loclists
                0x0000000000001f46      0xe1a C:/devkitPro/libnds/lib\libnds9.a(fifosystem.o)
 .debug_loclists
                0x0000000000002d60      0x1da C:/devkitPro/libnds/lib\libnds9.a(video.o)
 .debug_loclists
                0x0000000000002f3a      0x140 C:/devkitPro/libnds/lib\libnds9.a(system.o)

.debug_rnglists
                0x0000000000000000      0xded
 .debug_rnglists
                0x0000000000000000      0x10c main.o
 .debug_rnglists
                0x000000000000010c      0x788 C:/devkitPro/libnds/lib\libnds9.a(sprite_alloc.o)
 .debug_rnglists
                0x0000000000000894       0x7b C:/devkitPro/libnds/lib\libnds9.a(sprite.o)
 .debug_rnglists
                0x000000000000090f       0x20 C:/devkitPro/libnds/lib\libnds9.a(initSystem.o)
 .debug_rnglists
                0x000000000000092f       0x8b C:/devkitPro/libnds/lib\libnds9.a(interrupts.o)
 .debug_rnglists
                0x00000000000009ba       0x19 C:/devkitPro/libnds/lib\libnds9.a(libnds_exit.arm.o)
 .debug_rnglists
                0x00000000000009d3      0x2a4 C:/devkitPro/libnds/lib\libnds9.a(fifosystem.o)
 .debug_rnglists
                0x0000000000000c77       0x25 C:/devkitPro/libnds/lib\libnds9.a(dcache.o)
 .debug_rnglists
                0x0000000000000c9c       0x20 C:/devkitPro/libnds/lib\libnds9.a(mpu_setup.o)
 .debug_rnglists
                0x0000000000000cbc       0x19 C:/devkitPro/libnds/lib\libnds9.a(IntrWait.o)
 .debug_rnglists
                0x0000000000000cd5       0x3e C:/devkitPro/libnds/lib\libnds9.a(video.o)
 .debug_rnglists
                0x0000000000000d13       0x49 C:/devkitPro/libnds/lib\libnds9.a(system.o)
 .debug_rnglists
                0x0000000000000d5c       0x91 C:/devkitPro/libnds/lib\libnds9.a(biosCalls.o)

.debug_line_str
                0x0000000000000000      0x177
 .debug_line_str
                0x0000000000000000       0x64 C:/devkitPro/libnds/lib\libnds9.a(dcache.o)
                                         0xc8 (size before relaxing)
 .debug_line_str
                0x0000000000000064       0x6e C:/devkitPro/libnds/lib\libnds9.a(mpu_setup.o)
                                         0xdc (size before relaxing)
 .debug_line_str
                0x00000000000000d2        0xb C:/devkitPro/libnds/lib\libnds9.a(IntrWait.o)
                                         0xda (size before relaxing)
 .debug_line_str
                0x00000000000000dd        0xc C:/devkitPro/libnds/lib\libnds9.a(cpu_clock.o)
                                         0xdc (size before relaxing)
 .debug_line_str
                0x00000000000000e9       0x73 C:/devkitPro/libnds/lib\libnds9.a(interruptDispatcher.o)
                                         0xe6 (size before relaxing)
 .debug_line_str
                0x000000000000015c        0xf C:/devkitPro/libnds/lib\libnds9.a(swiSoftReset.o)
                                         0xd8 (size before relaxing)
 .debug_line_str
                0x000000000000016b        0xc C:/devkitPro/libnds/lib\libnds9.a(biosCalls.o)
                                         0xd2 (size before relaxing)
